Archive member included to satisfy reference by file (symbol)

c:/ac6/systemworkbench/plugins/fr.ac6.mcu.externaltools.arm-none.win32_1.17.0.201812190825/tools/compiler/bin/../lib/gcc/arm-none-eabi/7.3.1/../../../../arm-none-eabi/lib/thumb/v7e-m/fpv4-sp/hard\libm.a(lib_a-s_ceil.o)
                              Core/Src/i2c-lcd.o (ceil)
c:/ac6/systemworkbench/plugins/fr.ac6.mcu.externaltools.arm-none.win32_1.17.0.201812190825/tools/compiler/bin/../lib/gcc/arm-none-eabi/7.3.1/../../../../arm-none-eabi/lib/thumb/v7e-m/fpv4-sp/hard\libm.a(lib_a-w_pow.o)
                              Core/Src/i2c-lcd.o (pow)
c:/ac6/systemworkbench/plugins/fr.ac6.mcu.externaltools.arm-none.win32_1.17.0.201812190825/tools/compiler/bin/../lib/gcc/arm-none-eabi/7.3.1/../../../../arm-none-eabi/lib/thumb/v7e-m/fpv4-sp/hard\libm.a(lib_a-e_pow.o)
                              c:/ac6/systemworkbench/plugins/fr.ac6.mcu.externaltools.arm-none.win32_1.17.0.201812190825/tools/compiler/bin/../lib/gcc/arm-none-eabi/7.3.1/../../../../arm-none-eabi/lib/thumb/v7e-m/fpv4-sp/hard\libm.a(lib_a-w_pow.o) (__ieee754_pow)
c:/ac6/systemworkbench/plugins/fr.ac6.mcu.externaltools.arm-none.win32_1.17.0.201812190825/tools/compiler/bin/../lib/gcc/arm-none-eabi/7.3.1/../../../../arm-none-eabi/lib/thumb/v7e-m/fpv4-sp/hard\libm.a(lib_a-e_sqrt.o)
                              c:/ac6/systemworkbench/plugins/fr.ac6.mcu.externaltools.arm-none.win32_1.17.0.201812190825/tools/compiler/bin/../lib/gcc/arm-none-eabi/7.3.1/../../../../arm-none-eabi/lib/thumb/v7e-m/fpv4-sp/hard\libm.a(lib_a-e_pow.o) (__ieee754_sqrt)
c:/ac6/systemworkbench/plugins/fr.ac6.mcu.externaltools.arm-none.win32_1.17.0.201812190825/tools/compiler/bin/../lib/gcc/arm-none-eabi/7.3.1/../../../../arm-none-eabi/lib/thumb/v7e-m/fpv4-sp/hard\libm.a(lib_a-s_fabs.o)
                              c:/ac6/systemworkbench/plugins/fr.ac6.mcu.externaltools.arm-none.win32_1.17.0.201812190825/tools/compiler/bin/../lib/gcc/arm-none-eabi/7.3.1/../../../../arm-none-eabi/lib/thumb/v7e-m/fpv4-sp/hard\libm.a(lib_a-e_pow.o) (fabs)
c:/ac6/systemworkbench/plugins/fr.ac6.mcu.externaltools.arm-none.win32_1.17.0.201812190825/tools/compiler/bin/../lib/gcc/arm-none-eabi/7.3.1/../../../../arm-none-eabi/lib/thumb/v7e-m/fpv4-sp/hard\libm.a(lib_a-s_finite.o)
                              c:/ac6/systemworkbench/plugins/fr.ac6.mcu.externaltools.arm-none.win32_1.17.0.201812190825/tools/compiler/bin/../lib/gcc/arm-none-eabi/7.3.1/../../../../arm-none-eabi/lib/thumb/v7e-m/fpv4-sp/hard\libm.a(lib_a-w_pow.o) (finite)
c:/ac6/systemworkbench/plugins/fr.ac6.mcu.externaltools.arm-none.win32_1.17.0.201812190825/tools/compiler/bin/../lib/gcc/arm-none-eabi/7.3.1/../../../../arm-none-eabi/lib/thumb/v7e-m/fpv4-sp/hard\libm.a(lib_a-s_lib_ver.o)
                              c:/ac6/systemworkbench/plugins/fr.ac6.mcu.externaltools.arm-none.win32_1.17.0.201812190825/tools/compiler/bin/../lib/gcc/arm-none-eabi/7.3.1/../../../../arm-none-eabi/lib/thumb/v7e-m/fpv4-sp/hard\libm.a(lib_a-w_pow.o) (__fdlib_version)
c:/ac6/systemworkbench/plugins/fr.ac6.mcu.externaltools.arm-none.win32_1.17.0.201812190825/tools/compiler/bin/../lib/gcc/arm-none-eabi/7.3.1/../../../../arm-none-eabi/lib/thumb/v7e-m/fpv4-sp/hard\libm.a(lib_a-s_matherr.o)
                              c:/ac6/systemworkbench/plugins/fr.ac6.mcu.externaltools.arm-none.win32_1.17.0.201812190825/tools/compiler/bin/../lib/gcc/arm-none-eabi/7.3.1/../../../../arm-none-eabi/lib/thumb/v7e-m/fpv4-sp/hard\libm.a(lib_a-w_pow.o) (matherr)
c:/ac6/systemworkbench/plugins/fr.ac6.mcu.externaltools.arm-none.win32_1.17.0.201812190825/tools/compiler/bin/../lib/gcc/arm-none-eabi/7.3.1/../../../../arm-none-eabi/lib/thumb/v7e-m/fpv4-sp/hard\libm.a(lib_a-s_nan.o)
                              c:/ac6/systemworkbench/plugins/fr.ac6.mcu.externaltools.arm-none.win32_1.17.0.201812190825/tools/compiler/bin/../lib/gcc/arm-none-eabi/7.3.1/../../../../arm-none-eabi/lib/thumb/v7e-m/fpv4-sp/hard\libm.a(lib_a-e_pow.o) (nan)
c:/ac6/systemworkbench/plugins/fr.ac6.mcu.externaltools.arm-none.win32_1.17.0.201812190825/tools/compiler/bin/../lib/gcc/arm-none-eabi/7.3.1/../../../../arm-none-eabi/lib/thumb/v7e-m/fpv4-sp/hard\libm.a(lib_a-s_rint.o)
                              c:/ac6/systemworkbench/plugins/fr.ac6.mcu.externaltools.arm-none.win32_1.17.0.201812190825/tools/compiler/bin/../lib/gcc/arm-none-eabi/7.3.1/../../../../arm-none-eabi/lib/thumb/v7e-m/fpv4-sp/hard\libm.a(lib_a-w_pow.o) (rint)
c:/ac6/systemworkbench/plugins/fr.ac6.mcu.externaltools.arm-none.win32_1.17.0.201812190825/tools/compiler/bin/../lib/gcc/arm-none-eabi/7.3.1/../../../../arm-none-eabi/lib/thumb/v7e-m/fpv4-sp/hard\libm.a(lib_a-s_scalbn.o)
                              c:/ac6/systemworkbench/plugins/fr.ac6.mcu.externaltools.arm-none.win32_1.17.0.201812190825/tools/compiler/bin/../lib/gcc/arm-none-eabi/7.3.1/../../../../arm-none-eabi/lib/thumb/v7e-m/fpv4-sp/hard\libm.a(lib_a-e_pow.o) (scalbn)
[...]
Memory Configuration

Name             Origin             Length             Attributes
RAM              0x20000000         0x00010000         xrw
FLASH            0x08000000         0x00040000         xr
*default*        0x00000000         0xffffffff

Linker script and memory map

LOAD c:/ac6/systemworkbench/plugins/fr.ac6.mcu.externaltools.arm-none.win32_1.17.0.201812190825/tools/compiler/bin/../lib/gcc/arm-none-eabi/7.3.1/thumb/v7e-m/fpv4-sp/hard/crti.o
LOAD c:/ac6/systemworkbench/plugins/fr.ac6.mcu.externaltools.arm-none.win32_1.17.0.201812190825/tools/compiler/bin/../lib/gcc/arm-none-eabi/7.3.1/thumb/v7e-m/fpv4-sp/hard/crtbegin.o
LOAD c:/ac6/systemworkbench/plugins/fr.ac6.mcu.externaltools.arm-none.win32_1.17.0.201812190825/tools/compiler/bin/../lib/gcc/arm-none-eabi/7.3.1/../../../../arm-none-eabi/lib/thumb/v7e-m/fpv4-sp/hard/crt0.o
LOAD Core/Src/eeprom.o
LOAD Core/Src/i2c-lcd.o
LOAD Core/Src/main.o
LOAD Core/Src/stm32l4xx_hal_msp.o
LOAD Core/Src/stm32l4xx_it.o
LOAD Core/Src/syscalls.o
LOAD Core/Src/system_stm32l4xx.o
LOAD Drivers/STM32L4xx_HAL_Driver/Src/stm32l4xx_hal.o
LOAD Drivers/STM32L4xx_HAL_Driver/Src/stm32l4xx_hal_cortex.o
LOAD Drivers/STM32L4xx_HAL_Driver/Src/stm32l4xx_hal_dma.o
LOAD Drivers/STM32L4xx_HAL_Driver/Src/stm32l4xx_hal_dma_ex.o
LOAD Drivers/STM32L4xx_HAL_Driver/Src/stm32l4xx_hal_exti.o
LOAD Drivers/STM32L4xx_HAL_Driver/Src/stm32l4xx_hal_flash.o
LOAD Drivers/STM32L4xx_HAL_Driver/Src/stm32l4xx_hal_flash_ex.o
LOAD Drivers/STM32L4xx_HAL_Driver/Src/stm32l4xx_hal_flash_ramfunc.o
LOAD Drivers/STM32L4xx_HAL_Driver/Src/stm32l4xx_hal_gpio.o
LOAD Drivers/STM32L4xx_HAL_Driver/Src/stm32l4xx_hal_i2c.o
LOAD Drivers/STM32L4xx_HAL_Driver/Src/stm32l4xx_hal_i2c_ex.o
LOAD Drivers/STM32L4xx_HAL_Driver/Src/stm32l4xx_hal_pwr.o
LOAD Drivers/STM32L4xx_HAL_Driver/Src/stm32l4xx_hal_pwr_ex.o
LOAD Drivers/STM32L4xx_HAL_Driver/Src/stm32l4xx_hal_rcc.o
LOAD Drivers/STM32L4xx_HAL_Driver/Src/stm32l4xx_hal_rcc_ex.o
LOAD Drivers/STM32L4xx_HAL_Driver/Src/stm32l4xx_hal_tim.o
LOAD Drivers/STM32L4xx_HAL_Driver/Src/stm32l4xx_hal_tim_ex.o
LOAD Drivers/STM32L4xx_HAL_Driver/Src/stm32l4xx_hal_uart.o
LOAD Drivers/STM32L4xx_HAL_Driver/Src/stm32l4xx_hal_uart_ex.o
LOAD startup/startup_stm32l432xx.o
LOAD c:/ac6/systemworkbench/plugins/fr.ac6.mcu.externaltools.arm-none.win32_1.17.0.201812190825/tools/compiler/bin/../lib/gcc/arm-none-eabi/7.3.1/../../../../arm-none-eabi/lib/thumb/v7e-m/fpv4-sp/hard\libm.a
START GROUP
LOAD c:/ac6/systemworkbench/plugins/fr.ac6.mcu.externaltools.arm-none.win32_1.17.0.201812190825/tools/compiler/bin/../lib/gcc/arm-none-eabi/7.3.1/thumb/v7e-m/fpv4-sp/hard\libgcc.a
LOAD c:/ac6/systemworkbench/plugins/fr.ac6.mcu.externaltools.arm-none.win32_1.17.0.201812190825/tools/compiler/bin/../lib/gcc/arm-none-eabi/7.3.1/../../../../arm-none-eabi/lib/thumb/v7e-m/fpv4-sp/hard\libc_nano.a
END GROUP
START GROUP
LOAD c:/ac6/systemworkbench/plugins/fr.ac6.mcu.externaltools.arm-none.win32_1.17.0.201812190825/tools/compiler/bin/../lib/gcc/arm-none-eabi/7.3.1/thumb/v7e-m/fpv4-sp/hard\libgcc.a
LOAD c:/ac6/systemworkbench/plugins/fr.ac6.mcu.externaltools.arm-none.win32_1.17.0.201812190825/tools/compiler/bin/../lib/gcc/arm-none-eabi/7.3.1/../../../../arm-none-eabi/lib/thumb/v7e-m/fpv4-sp/hard\libc_nano.a
LOAD c:/ac6/systemworkbench/plugins/fr.ac6.mcu.externaltools.arm-none.win32_1.17.0.201812190825/tools/compiler/bin/../lib/gcc/arm-none-eabi/7.3.1/../../../../arm-none-eabi/lib/thumb/v7e-m/fpv4-sp/hard\libnosys.a
END GROUP
START GROUP
LOAD c:/ac6/systemworkbench/plugins/fr.ac6.mcu.externaltools.arm-none.win32_1.17.0.201812190825/tools/compiler/bin/../lib/gcc/arm-none-eabi/7.3.1/thumb/v7e-m/fpv4-sp/hard\libgcc.a
LOAD c:/ac6/systemworkbench/plugins/fr.ac6.mcu.externaltools.arm-none.win32_1.17.0.201812190825/tools/compiler/bin/../lib/gcc/arm-none-eabi/7.3.1/../../../../arm-none-eabi/lib/thumb/v7e-m/fpv4-sp/hard\libc_nano.a
LOAD c:/ac6/systemworkbench/plugins/fr.ac6.mcu.externaltools.arm-none.win32_1.17.0.201812190825/tools/compiler/bin/../lib/gcc/arm-none-eabi/7.3.1/../../../../arm-none-eabi/lib/thumb/v7e-m/fpv4-sp/hard\libnosys.a
END GROUP
LOAD c:/ac6/systemworkbench/plugins/fr.ac6.mcu.externaltools.arm-none.win32_1.17.0.201812190825/tools/compiler/bin/../lib/gcc/arm-none-eabi/7.3.1/thumb/v7e-m/fpv4-sp/hard/crtend.o
LOAD c:/ac6/systemworkbench/plugins/fr.ac6.mcu.externaltools.arm-none.win32_1.17.0.201812190825/tools/compiler/bin/../lib/gcc/arm-none-eabi/7.3.1/thumb/v7e-m/fpv4-sp/hard/crtn.o
                0x20010000                _estack = 0x20010000
                0x00000200                _Min_Heap_Size = 0x200
                0x00000400                _Min_Stack_Size = 0x400

.isr_vector     0x08000000      0x190
                0x08000000                . = ALIGN (0x8)
 *(.isr_vector)
 .isr_vector    0x08000000      0x18c startup/startup_stm32l432xx.o
                0x08000000                g_pfnVectors
                0x08000190                . = ALIGN (0x8)
 *fill*         0x0800018c        0x4 

.text           0x08000190     0x2fd0
                0x08000190                . = ALIGN (0x8)
 *(.text)
 .text          0x08000190       0x40 c:/ac6/systemworkbench/plugins/fr.ac6.mcu.externaltools.arm-none.win32_1.17.0.201812190825/tools/compiler/bin/../lib/gcc/arm-none-eabi/7.3.1/thumb/v7e-m/fpv4-sp/hard/crtbegin.o
 .text          0x080001d0       0x30 c:/ac6/systemworkbench/plugins/fr.ac6.mcu.externaltools.arm-none.win32_1.17.0.201812190825/tools/compiler/bin/../lib/gcc/arm-none-eabi/7.3.1/thumb/v7e-m/fpv4-sp/hard\libgcc.a(_aeabi_uldivmod.o)
                0x080001d0                __aeabi_uldivmod
 .text          0x08000200      0x2cc c:/ac6/systemworkbench/plugins/fr.ac6.mcu.externaltools.arm-none.win32_1.17.0.201812190825/tools/compiler/bin/../lib/gcc/arm-none-eabi/7.3.1/thumb/v7e-m/fpv4-sp/hard\libgcc.a(_udivmoddi4.o)
                0x08000200                __udivmoddi4
 .text          0x080004cc        0x4 c:/ac6/systemworkbench/plugins/fr.ac6.mcu.externaltools.arm-none.win32_1.17.0.201812190825/tools/compiler/bin/../lib/gcc/arm-none-eabi/7.3.1/thumb/v7e-m/fpv4-sp/hard\libgcc.a(_dvmd_tls.o)
                0x080004cc                __aeabi_idiv0
                0x080004cc                __aeabi_ldiv0
 *(.text*)
 .text.findHeader
                0x080004d0       0x40 Core/Src/eeprom.o
                0x080004d0                findHeader
 .text.sortHeaders
                0x08000510       0x84 Core/Src/eeprom.o
                0x08000510                sortHeaders
 .text.spaceAvailable
                0x08000594       0x48 Core/Src/eeprom.o
                0x08000594                spaceAvailable
 .text.splitVersion
                0x080005dc       0x10 Core/Src/eeprom.o
                0x080005dc                splitVersion
 .text.combineVersion
                0x080005ec        0xe Core/Src/eeprom.o
                0x080005ec                combineVersion
 .text.errorFound
                0x080005fa        0x8 Core/Src/eeprom.o
                0x080005fa                errorFound
 *fill*         0x08000602        0x2 
 .text.setAddress
                0x08000604       0x5c Core/Src/eeprom.o
                0x08000604                setAddress
 .text.readByte
                0x08000660       0x50 Core/Src/eeprom.o
                0x08000660                readByte
 .text.downloadChunk
                0x080006b0       0x4c Core/Src/eeprom.o
                0x080006b0                downloadChunk
 .text.eepromDump
                0x080006fc       0x50 Core/Src/eeprom.o
                0x080006fc                eepromDump
 .text.loadHeaderEntries
                0x0800074c       0x30 Core/Src/eeprom.o
                0x0800074c                loadHeaderEntries
 .text.eepromInitialize
                0x0800077c       0x34 Core/Src/eeprom.o
                0x0800077c                eepromInitialize
 .text.uploadByte
                0x080007b0       0x5c Core/Src/eeprom.o
                0x080007b0                uploadByte
 .text.eUploadRaw
                0x0800080c       0x58 Core/Src/eeprom.o
                0x0800080c                eUploadRaw
 .text.uploadChunk
                0x08000864       0x5e Core/Src/eeprom.o
                0x08000864                uploadChunk
 *fill*         0x080008c2        0x2 
 .text.removeFromEeprom
                0x080008c4       0x70 Core/Src/eeprom.o
                0x080008c4                removeFromEeprom
 .text.eepromCleanHeaders
                0x08000934       0x70 Core/Src/eeprom.o
                0x08000934                eepromCleanHeaders
 .text.updateHeaderEntry
                0x080009a4       0x4c Core/Src/eeprom.o
                0x080009a4                updateHeaderEntry
 .text.eepromMalloc
                0x080009f0       0xac Core/Src/eeprom.o
                0x080009f0                eepromMalloc
 .text.addHeaderEntry
                0x08000a9c       0x44 Core/Src/eeprom.o
                0x08000a9c                addHeaderEntry
 .text.eepromLinkStruct
                0x08000ae0      0x114 Core/Src/eeprom.o
                0x08000ae0                eepromLinkStruct
 .text.MX_GPIO_Init
                0x08000bf4       0xe8 Core/Src/main.o
 .text.MX_I2C3_Init
                0x08000cdc       0x44 Core/Src/main.o
 .text.MX_USART1_UART_Init
                0x08000d20       0x30 Core/Src/main.o
 .text.SystemClock_Config
                0x08000d50       0x7c Core/Src/main.o
                0x08000d50                SystemClock_Config
 .text.main     0x08000dcc       0xb4 Core/Src/main.o
                0x08000dcc                main
 .text.HAL_GPIO_EXTI_Callback
                0x08000e80       0x24 Core/Src/main.o
                0x08000e80                HAL_GPIO_EXTI_Callback
 .text.HAL_MspInit
                0x08000ea4       0x30 Core/Src/stm32l4xx_hal_msp.o
                0x08000ea4                HAL_MspInit
 .text.HAL_I2C_MspInit
                0x08000ed4       0xa0 Core/Src/stm32l4xx_hal_msp.o
                0x08000ed4                HAL_I2C_MspInit
 .text.HAL_UART_MspInit
                0x08000f74       0x68 Core/Src/stm32l4xx_hal_msp.o
                0x08000f74                HAL_UART_MspInit
 .text.NMI_Handler
                0x08000fdc        0x2 Core/Src/stm32l4xx_it.o
                0x08000fdc                NMI_Handler
 .text.HardFault_Handler
                0x08000fde        0x2 Core/Src/stm32l4xx_it.o
                0x08000fde                HardFault_Handler
 .text.MemManage_Handler
                0x08000fe0        0x2 Core/Src/stm32l4xx_it.o
                0x08000fe0                MemManage_Handler
 .text.BusFault_Handler
                0x08000fe2        0x2 Core/Src/stm32l4xx_it.o
                0x08000fe2                BusFault_Handler
 .text.UsageFault_Handler
                0x08000fe4        0x2 Core/Src/stm32l4xx_it.o
                0x08000fe4                UsageFault_Handler
 .text.SVC_Handler
                0x08000fe6        0x2 Core/Src/stm32l4xx_it.o
                0x08000fe6                SVC_Handler
 .text.DebugMon_Handler
                0x08000fe8        0x2 Core/Src/stm32l4xx_it.o
                0x08000fe8                DebugMon_Handler
 .text.PendSV_Handler
                0x08000fea        0x2 Core/Src/stm32l4xx_it.o
                0x08000fea                PendSV_Handler
 .text.SysTick_Handler
                0x08000fec        0x8 Core/Src/stm32l4xx_it.o
                0x08000fec                SysTick_Handler
 .text.EXTI15_10_IRQHandler
                0x08000ff4        0xc Core/Src/stm32l4xx_it.o
                0x08000ff4                EXTI15_10_IRQHandler
 .text.SystemInit
                0x08001000       0x48 Core/Src/system_stm32l4xx.o
                0x08001000                SystemInit
 .text.HAL_InitTick
                0x08001048       0x4c Drivers/STM32L4xx_HAL_Driver/Src/stm32l4xx_hal.o
                0x08001048                HAL_InitTick
 .text.HAL_Init
                0x08001094       0x1e Drivers/STM32L4xx_HAL_Driver/Src/stm32l4xx_hal.o
                0x08001094                HAL_Init
 *fill*         0x080010b2        0x2 
 .text.HAL_IncTick
                0x080010b4       0x18 Drivers/STM32L4xx_HAL_Driver/Src/stm32l4xx_hal.o
                0x080010b4                HAL_IncTick
 .text.HAL_GetTick
                0x080010cc        0xc Drivers/STM32L4xx_HAL_Driver/Src/stm32l4xx_hal.o
                0x080010cc                HAL_GetTick
 .text.HAL_Delay
                0x080010d8       0x28 Drivers/STM32L4xx_HAL_Driver/Src/stm32l4xx_hal.o
                0x080010d8                HAL_Delay
 .text.HAL_NVIC_SetPriorityGrouping
                0x08001100       0x24 Drivers/STM32L4xx_HAL_Driver/Src/stm32l4xx_hal_cortex.o
                0x08001100                HAL_NVIC_SetPriorityGrouping
 .text.HAL_NVIC_SetPriority
                0x08001124       0x68 Drivers/STM32L4xx_HAL_Driver/Src/stm32l4xx_hal_cortex.o
                0x08001124                HAL_NVIC_SetPriority
 .text.HAL_NVIC_EnableIRQ
                0x0800118c       0x1c Drivers/STM32L4xx_HAL_Driver/Src/stm32l4xx_hal_cortex.o
                0x0800118c                HAL_NVIC_EnableIRQ
 .text.HAL_SYSTICK_Config
                0x080011a8       0x2c Drivers/STM32L4xx_HAL_Driver/Src/stm32l4xx_hal_cortex.o
                0x080011a8                HAL_SYSTICK_Config
 .text.HAL_GPIO_Init
                0x080011d4      0x180 Drivers/STM32L4xx_HAL_Driver/Src/stm32l4xx_hal_gpio.o
                0x080011d4                HAL_GPIO_Init
 .text.HAL_GPIO_WritePin
                0x08001354        0xa Drivers/STM32L4xx_HAL_Driver/Src/stm32l4xx_hal_gpio.o
                0x08001354                HAL_GPIO_WritePin
 *fill*         0x0800135e        0x2 
 .text.HAL_GPIO_EXTI_IRQHandler
                0x08001360       0x1c Drivers/STM32L4xx_HAL_Driver/Src/stm32l4xx_hal_gpio.o
                0x08001360                HAL_GPIO_EXTI_IRQHandler
 .text.I2C_Flush_TXDR
                0x0800137c       0x22 Drivers/STM32L4xx_HAL_Driver/Src/stm32l4xx_hal_i2c.o
 .text.I2C_TransferConfig
                0x0800139e       0x36 Drivers/STM32L4xx_HAL_Driver/Src/stm32l4xx_hal_i2c.o
 .text.I2C_IsAcknowledgeFailed
                0x080013d4       0x90 Drivers/STM32L4xx_HAL_Driver/Src/stm32l4xx_hal_i2c.o
 .text.I2C_WaitOnTXISFlagUntilTimeout
                0x08001464       0x56 Drivers/STM32L4xx_HAL_Driver/Src/stm32l4xx_hal_i2c.o
 .text.I2C_WaitOnFlagUntilTimeout
                0x080014ba       0x52 Drivers/STM32L4xx_HAL_Driver/Src/stm32l4xx_hal_i2c.o
 .text.I2C_RequestMemoryWrite
                0x0800150c       0x70 Drivers/STM32L4xx_HAL_Driver/Src/stm32l4xx_hal_i2c.o
 .text.I2C_WaitOnSTOPFlagUntilTimeout
                0x0800157c       0x50 Drivers/STM32L4xx_HAL_Driver/Src/stm32l4xx_hal_i2c.o
 .text.I2C_WaitOnRXNEFlagUntilTimeout
                0x080015cc       0x98 Drivers/STM32L4xx_HAL_Driver/Src/stm32l4xx_hal_i2c.o
 .text.HAL_I2C_Init
                0x08001664       0xbc Drivers/STM32L4xx_HAL_Driver/Src/stm32l4xx_hal_i2c.o
                0x08001664                HAL_I2C_Init
 .text.HAL_I2C_Master_Transmit
                0x08001720      0x17c Drivers/STM32L4xx_HAL_Driver/Src/stm32l4xx_hal_i2c.o
                0x08001720                HAL_I2C_Master_Transmit
 .text.HAL_I2C_Master_Receive
                0x0800189c      0x17c Drivers/STM32L4xx_HAL_Driver/Src/stm32l4xx_hal_i2c.o
                0x0800189c                HAL_I2C_Master_Receive
 .text.HAL_I2C_Mem_Write
                0x08001a18      0x1a4 Drivers/STM32L4xx_HAL_Driver/Src/stm32l4xx_hal_i2c.o
                0x08001a18                HAL_I2C_Mem_Write
 .text.HAL_I2CEx_ConfigAnalogFilter
                0x08001bbc       0x5c Drivers/STM32L4xx_HAL_Driver/Src/stm32l4xx_hal_i2c_ex.o
                0x08001bbc                HAL_I2CEx_ConfigAnalogFilter
 .text.HAL_I2CEx_ConfigDigitalFilter
                0x08001c18       0x58 Drivers/STM32L4xx_HAL_Driver/Src/stm32l4xx_hal_i2c_ex.o
                0x08001c18                HAL_I2CEx_ConfigDigitalFilter
 .text.HAL_PWREx_GetVoltageRange
                0x08001c70       0x10 Drivers/STM32L4xx_HAL_Driver/Src/stm32l4xx_hal_pwr_ex.o
                0x08001c70                HAL_PWREx_GetVoltageRange
 .text.HAL_PWREx_ControlVoltageScaling
                0x08001c80       0x90 Drivers/STM32L4xx_HAL_Driver/Src/stm32l4xx_hal_pwr_ex.o
                0x08001c80                HAL_PWREx_ControlVoltageScaling
 .text.RCC_SetFlashLatencyFromMSIRange
                0x08001d10       0x90 Drivers/STM32L4xx_HAL_Driver/Src/stm32l4xx_hal_rcc.o
 .text.HAL_RCC_GetSysClockFreq
                0x08001da0       0xb4 Drivers/STM32L4xx_HAL_Driver/Src/stm32l4xx_hal_rcc.o
                0x08001da0                HAL_RCC_GetSysClockFreq
 .text.HAL_RCC_OscConfig
                0x08001e54      0x68c Drivers/STM32L4xx_HAL_Driver/Src/stm32l4xx_hal_rcc.o
                0x08001e54                HAL_RCC_OscConfig
 .text.HAL_RCC_ClockConfig
                0x080024e0      0x158 Drivers/STM32L4xx_HAL_Driver/Src/stm32l4xx_hal_rcc.o
                0x080024e0                HAL_RCC_ClockConfig
 .text.HAL_RCC_GetHCLKFreq
                0x08002638        0xc Drivers/STM32L4xx_HAL_Driver/Src/stm32l4xx_hal_rcc.o
                0x08002638                HAL_RCC_GetHCLKFreq
 .text.HAL_RCC_GetPCLK1Freq
                0x08002644       0x24 Drivers/STM32L4xx_HAL_Driver/Src/stm32l4xx_hal_rcc.o
                0x08002644                HAL_RCC_GetPCLK1Freq
 .text.HAL_RCC_GetPCLK2Freq
                0x08002668       0x24 Drivers/STM32L4xx_HAL_Driver/Src/stm32l4xx_hal_rcc.o
                0x08002668                HAL_RCC_GetPCLK2Freq
 .text.RCCEx_PLLSAI1_Config
                0x0800268c      0x16c Drivers/STM32L4xx_HAL_Driver/Src/stm32l4xx_hal_rcc_ex.o
 .text.HAL_RCCEx_PeriphCLKConfig
                0x080027f8      0x2e8 Drivers/STM32L4xx_HAL_Driver/Src/stm32l4xx_hal_rcc_ex.o
                0x080027f8                HAL_RCCEx_PeriphCLKConfig
 .text.UART_SetConfig
                0x08002ae0      0x264 Drivers/STM32L4xx_HAL_Driver/Src/stm32l4xx_hal_uart.o
                0x08002ae0                UART_SetConfig
 .text.UART_AdvFeatureConfig
                0x08002d44       0xca Drivers/STM32L4xx_HAL_Driver/Src/stm32l4xx_hal_uart.o
                0x08002d44                UART_AdvFeatureConfig
 .text.UART_WaitOnFlagUntilTimeout
                0x08002e0e       0x9c Drivers/STM32L4xx_HAL_Driver/Src/stm32l4xx_hal_uart.o
                0x08002e0e                UART_WaitOnFlagUntilTimeout
 .text.HAL_UART_Transmit
                0x08002eaa       0xd8 Drivers/STM32L4xx_HAL_Driver/Src/stm32l4xx_hal_uart.o
                0x08002eaa                HAL_UART_Transmit
 .text.UART_CheckIdleState
                0x08002f82       0x6c Drivers/STM32L4xx_HAL_Driver/Src/stm32l4xx_hal_uart.o
                0x08002f82                UART_CheckIdleState
 .text.HAL_UART_Init
                0x08002fee       0x62 Drivers/STM32L4xx_HAL_Driver/Src/stm32l4xx_hal_uart.o
                0x08002fee                HAL_UART_Init
 .text.Reset_Handler
                0x08003050       0x50 startup/startup_stm32l432xx.o
                0x08003050                Reset_Handler
 .text.Default_Handler
                0x080030a0        0x2 startup/startup_stm32l432xx.o
                0x080030a0                RTC_Alarm_IRQHandler
                0x080030a0                EXTI2_IRQHandler
                0x080030a0                TIM1_CC_IRQHandler
                0x080030a0                TSC_IRQHandler
                0x080030a0                TAMP_STAMP_IRQHandler
                0x080030a0                EXTI3_IRQHandler
                0x080030a0                LPTIM2_IRQHandler
                0x080030a0                I2C3_ER_IRQHandler
                0x080030a0                EXTI0_IRQHandler
                0x080030a0                CAN1_RX0_IRQHandler
                0x080030a0                FPU_IRQHandler
                0x080030a0                TIM1_UP_TIM16_IRQHandler
                0x080030a0                SPI1_IRQHandler
                0x080030a0                TIM6_DAC_IRQHandler
                0x080030a0                DMA2_Channel2_IRQHandler
                0x080030a0                DMA1_Channel4_IRQHandler
                0x080030a0                ADC1_IRQHandler
                0x080030a0                DMA1_Channel7_IRQHandler
                0x080030a0                CAN1_RX1_IRQHandler
                0x080030a0                DMA2_Channel1_IRQHandler
                0x080030a0                QUADSPI_IRQHandler
                0x080030a0                I2C1_EV_IRQHandler
                0x080030a0                DMA1_Channel6_IRQHandler
                0x080030a0                DMA2_Channel4_IRQHandler
                0x080030a0                RCC_IRQHandler
                0x080030a0                TIM1_TRG_COM_IRQHandler
                0x080030a0                DMA1_Channel1_IRQHandler
                0x080030a0                Default_Handler
                0x080030a0                DMA2_Channel7_IRQHandler
                0x080030a0                TIM7_IRQHandler
                0x080030a0                I2C3_EV_IRQHandler
                0x080030a0                USB_IRQHandler
                0x080030a0                EXTI9_5_IRQHandler
                0x080030a0                RTC_WKUP_IRQHandler
                0x080030a0                PVD_PVM_IRQHandler
                0x080030a0                CAN1_TX_IRQHandler
                0x080030a0                DMA2_Channel5_IRQHandler
                0x080030a0                CRS_IRQHandler
                0x080030a0                DMA1_Channel5_IRQHandler
                0x080030a0                EXTI4_IRQHandler
                0x080030a0                RNG_IRQHandler
                0x080030a0                DMA1_Channel3_IRQHandler
                0x080030a0                COMP_IRQHandler
                0x080030a0                WWDG_IRQHandler
                0x080030a0                LPUART1_IRQHandler
                0x080030a0                DMA2_Channel6_IRQHandler
                0x080030a0                TIM2_IRQHandler
                0x080030a0                EXTI1_IRQHandler
                0x080030a0                USART2_IRQHandler
                0x080030a0                DMA1_Channel2_IRQHandler
                0x080030a0                CAN1_SCE_IRQHandler
                0x080030a0                FLASH_IRQHandler
                0x080030a0                USART1_IRQHandler
                0x080030a0                SPI3_IRQHandler
                0x080030a0                I2C1_ER_IRQHandler
                0x080030a0                SWPMI1_IRQHandler
                0x080030a0                LPTIM1_IRQHandler
                0x080030a0                SAI1_IRQHandler
                0x080030a0                DMA2_Channel3_IRQHandler
                0x080030a0                TIM1_BRK_TIM15_IRQHandler
 *fill*         0x080030a2        0x2 
 .text.__libc_init_array
                0x080030a4       0x48 c:/ac6/systemworkbench/plugins/fr.ac6.mcu.externaltools.arm-none.win32_1.17.0.201812190825/tools/compiler/bin/../lib/gcc/arm-none-eabi/7.3.1/../../../../arm-none-eabi/lib/thumb/v7e-m/fpv4-sp/hard\libc_nano.a(lib_a-init.o)
                0x080030a4                __libc_init_array
 .text.memcpy   0x080030ec       0x16 c:/ac6/systemworkbench/plugins/fr.ac6.mcu.externaltools.arm-none.win32_1.17.0.201812190825/tools/compiler/bin/../lib/gcc/arm-none-eabi/7.3.1/../../../../arm-none-eabi/lib/thumb/v7e-m/fpv4-sp/hard\libc_nano.a(lib_a-memcpy-stub.o)
                0x080030ec                memcpy
 .text.memset   0x08003102       0x10 c:/ac6/systemworkbench/plugins/fr.ac6.mcu.externaltools.arm-none.win32_1.17.0.201812190825/tools/compiler/bin/../lib/gcc/arm-none-eabi/7.3.1/../../../../arm-none-eabi/lib/thumb/v7e-m/fpv4-sp/hard\libc_nano.a(lib_a-memset.o)
                0x08003102                memset
 .text.strcpy   0x08003112       0x10 c:/ac6/systemworkbench/plugins/fr.ac6.mcu.externaltools.arm-none.win32_1.17.0.201812190825/tools/compiler/bin/../lib/gcc/arm-none-eabi/7.3.1/../../../../arm-none-eabi/lib/thumb/v7e-m/fpv4-sp/hard\libc_nano.a(lib_a-strcpy.o)
                0x08003112                strcpy
 .text.strncmp  0x08003122       0x24 c:/ac6/systemworkbench/plugins/fr.ac6.mcu.externaltools.arm-none.win32_1.17.0.201812190825/tools/compiler/bin/../lib/gcc/arm-none-eabi/7.3.1/../../../../arm-none-eabi/lib/thumb/v7e-m/fpv4-sp/hard\libc_nano.a(lib_a-strncmp.o)
                0x08003122                strncmp
 *(.glue_7)
 .glue_7        0x08003146        0x0 linker stubs
 *(.glue_7t)
 .glue_7t       0x08003146        0x0 linker stubs
 *(.eh_frame)
 *fill*         0x08003146        0x2 
 .eh_frame      0x08003148        0x0 c:/ac6/systemworkbench/plugins/fr.ac6.mcu.externaltools.arm-none.win32_1.17.0.201812190825/tools/compiler/bin/../lib/gcc/arm-none-eabi/7.3.1/thumb/v7e-m/fpv4-sp/hard/crtbegin.o
 *(.init)
 .init          0x08003148        0x4 c:/ac6/systemworkbench/plugins/fr.ac6.mcu.externaltools.arm-none.win32_1.17.0.201812190825/tools/compiler/bin/../lib/gcc/arm-none-eabi/7.3.1/thumb/v7e-m/fpv4-sp/hard/crti.o
                0x08003148                _init
 .init          0x0800314c        0x8 c:/ac6/systemworkbench/plugins/fr.ac6.mcu.externaltools.arm-none.win32_1.17.0.201812190825/tools/compiler/bin/../lib/gcc/arm-none-eabi/7.3.1/thumb/v7e-m/fpv4-sp/hard/crtn.o
 *(.fini)
 .fini          0x08003154        0x4 c:/ac6/systemworkbench/plugins/fr.ac6.mcu.externaltools.arm-none.win32_1.17.0.201812190825/tools/compiler/bin/../lib/gcc/arm-none-eabi/7.3.1/thumb/v7e-m/fpv4-sp/hard/crti.o
                0x08003154                _fini
 .fini          0x08003158        0x8 c:/ac6/systemworkbench/plugins/fr.ac6.mcu.externaltools.arm-none.win32_1.17.0.201812190825/tools/compiler/bin/../lib/gcc/arm-none-eabi/7.3.1/thumb/v7e-m/fpv4-sp/hard/crtn.o
                0x08003160                . = ALIGN (0x8)
                0x08003160                _etext = .

.vfp11_veneer   0x08003160        0x0
 .vfp11_veneer  0x08003160        0x0 linker stubs

.v4_bx          0x08003160        0x0
 .v4_bx         0x08003160        0x0 linker stubs

.iplt           0x08003160        0x0
 .iplt          0x08003160        0x0 c:/ac6/systemworkbench/plugins/fr.ac6.mcu.externaltools.arm-none.win32_1.17.0.201812190825/tools/compiler/bin/../lib/gcc/arm-none-eabi/7.3.1/thumb/v7e-m/fpv4-sp/hard/crtbegin.o

.rodata         0x08003160       0x70
                0x08003160                . = ALIGN (0x8)
 *(.rodata)
 .rodata        0x08003160        0x3 Core/Src/main.o
 *fill*         0x08003163        0x1 
 .rodata        0x08003164       0x48 Core/Src/system_stm32l4xx.o
                0x08003164                MSIRangeTable
                0x08003194                AHBPrescTable
                0x080031a4                APBPrescTable
 *(.rodata*)
 .rodata.str1.4
                0x080031ac       0x24 Core/Src/main.o
                0x080031d0                . = ALIGN (0x8)

.ARM.extab      0x080031d0        0x0
                0x080031d0                . = ALIGN (0x8)
 *(.ARM.extab* .gnu.linkonce.armextab.*)
                0x080031d0                . = ALIGN (0x8)

.ARM            0x080031d0        0x8
                0x080031d0                . = ALIGN (0x8)
                0x080031d0                __exidx_start = .
 *(.ARM.exidx*)
 .ARM.exidx     0x080031d0        0x8 c:/ac6/systemworkbench/plugins/fr.ac6.mcu.externaltools.arm-none.win32_1.17.0.201812190825/tools/compiler/bin/../lib/gcc/arm-none-eabi/7.3.1/thumb/v7e-m/fpv4-sp/hard\libgcc.a(_udivmoddi4.o)
                0x080031d8                __exidx_end = .
                0x080031d8                . = ALIGN (0x8)

.rel.dyn        0x080031d8        0x0
 .rel.iplt      0x080031d8        0x0 c:/ac6/systemworkbench/plugins/fr.ac6.mcu.externaltools.arm-none.win32_1.17.0.201812190825/tools/compiler/bin/../lib/gcc/arm-none-eabi/7.3.1/thumb/v7e-m/fpv4-sp/hard/crtbegin.o

.preinit_array  0x080031d8        0x0
                0x080031d8                . = ALIGN (0x8)
                0x080031d8                PROVIDE (__preinit_array_start = .)
 *(.preinit_array*)
                0x080031d8                PROVIDE (__preinit_array_end = .)
                0x080031d8                . = ALIGN (0x8)

.init_array     0x080031d8        0x8
                0x080031d8                . = ALIGN (0x8)
                0x080031d8                PROVIDE (__init_array_start = .)
 *(SORT_BY_NAME(.init_array.*))
 *(.init_array*)
 .init_array    0x080031d8        0x4 c:/ac6/systemworkbench/plugins/fr.ac6.mcu.externaltools.arm-none.win32_1.17.0.201812190825/tools/compiler/bin/../lib/gcc/arm-none-eabi/7.3.1/thumb/v7e-m/fpv4-sp/hard/crtbegin.o
                0x080031dc                PROVIDE (__init_array_end = .)
                0x080031e0                . = ALIGN (0x8)
 *fill*         0x080031dc        0x4 

.fini_array     0x080031e0        0x8
                0x080031e0                . = ALIGN (0x8)
                [!provide]                PROVIDE (__fini_array_start = .)
 *(SORT_BY_NAME(.fini_array.*))
 *(.fini_array*)
 .fini_array    0x080031e0        0x4 c:/ac6/systemworkbench/plugins/fr.ac6.mcu.externaltools.arm-none.win32_1.17.0.201812190825/tools/compiler/bin/../lib/gcc/arm-none-eabi/7.3.1/thumb/v7e-m/fpv4-sp/hard/crtbegin.o
                [!provide]                PROVIDE (__fini_array_end = .)
                0x080031e8                . = ALIGN (0x8)
 *fill*         0x080031e4        0x4 
                0x080031e8                _sidata = LOADADDR (.data)

.data           0x20000000       0x10 load address 0x080031e8
                0x20000000                . = ALIGN (0x8)
                0x20000000                _sdata = .
 *(.data)
 .data          0x20000000        0x4 Core/Src/system_stm32l4xx.o
                0x20000000                SystemCoreClock
 .data          0x20000004        0x8 Drivers/STM32L4xx_HAL_Driver/Src/stm32l4xx_hal.o
                0x20000004                uwTickFreq
                0x20000008                uwTickPrio
 *(.data*)
                0x20000010                . = ALIGN (0x8)
 *fill*         0x2000000c        0x4 
                0x20000010                _edata = .

.igot.plt       0x20000010        0x0 load address 0x080031f8
 .igot.plt      0x20000010        0x0 c:/ac6/systemworkbench/plugins/fr.ac6.mcu.externaltools.arm-none.win32_1.17.0.201812190825/tools/compiler/bin/../lib/gcc/arm-none-eabi/7.3.1/thumb/v7e-m/fpv4-sp/hard/crtbegin.o
                0x20000010                . = ALIGN (0x4)

.bss            0x20000010      0x1f0 load address 0x080031f8
                0x20000010                _sbss = .
                0x20000010                __bss_start__ = _sbss
 *(.bss)
 .bss           0x20000010       0x1c c:/ac6/systemworkbench/plugins/fr.ac6.mcu.externaltools.arm-none.win32_1.17.0.201812190825/tools/compiler/bin/../lib/gcc/arm-none-eabi/7.3.1/thumb/v7e-m/fpv4-sp/hard/crtbegin.o
 .bss           0x2000002c       0xf0 Core/Src/eeprom.o
                0x2000002c                g_headers
 .bss           0x2000011c        0x1 Core/Src/main.o
                0x2000011c                g_dump
 *(.bss*)
 *(COMMON)
 *fill*         0x2000011d        0x3 
 COMMON         0x20000120       0x10 Core/Src/eeprom.o
                0x20000120                i2c01
                0x20000124                g_eeprom_size
                0x20000126                g_device_addr
                0x20000127                g_numStructs
                0x20000128                ret
                0x2000012c                g_write_data
 COMMON         0x20000130       0xcc Core/Src/main.o
                0x20000130                hi2c3
                0x2000017c                huart1
 COMMON         0x200001fc        0x4 Drivers/STM32L4xx_HAL_Driver/Src/stm32l4xx_hal.o
                0x200001fc                uwTick
                0x20000200                . = ALIGN (0x4)
                0x20000200                _ebss = .
                0x20000200                __bss_end__ = _ebss

._user_heap_stack
                0x20000200      0x600 load address 0x080031f8
                0x20000200                . = ALIGN (0x8)
                0x20000200                PROVIDE (end = .)
                [!provide]                PROVIDE (_end = .)
                0x20000400                . = (. + _Min_Heap_Size)
 *fill*         0x20000200      0x200 
                0x20000800                . = (. + _Min_Stack_Size)
 *fill*         0x20000400      0x400 
                0x20000800                . = ALIGN (0x8)

/DISCARD/
 libc.a(*)
 libm.a(*)
 libgcc.a(*)

.ARM.attributes
                0x00000000       0x30
 *(.ARM.attributes)
 .ARM.attributes
                0x00000000       0x22 c:/ac6/systemworkbench/plugins/fr.ac6.mcu.externaltools.arm-none.win32_1.17.0.201812190825/tools/compiler/bin/../lib/gcc/arm-none-eabi/7.3.1/thumb/v7e-m/fpv4-sp/hard/crti.o
 .ARM.attributes
                0x00000022       0x34 c:/ac6/systemworkbench/plugins/fr.ac6.mcu.externaltools.arm-none.win32_1.17.0.201812190825/tools/compiler/bin/../lib/gcc/arm-none-eabi/7.3.1/thumb/v7e-m/fpv4-sp/hard/crtbegin.o
 .ARM.attributes
                0x00000056       0x39 Core/Src/eeprom.o
 .ARM.attributes
                0x0000008f       0x39 Core/Src/main.o
 .ARM.attributes
                0x000000c8       0x39 Core/Src/stm32l4xx_hal_msp.o
 .ARM.attributes
                0x00000101       0x39 Core/Src/stm32l4xx_it.o
 .ARM.attributes
                0x0000013a       0x39 Core/Src/system_stm32l4xx.o
 .ARM.attributes
                0x00000173       0x39 Drivers/STM32L4xx_HAL_Driver/Src/stm32l4xx_hal.o
 .ARM.attributes
                0x000001ac       0x39 Drivers/STM32L4xx_HAL_Driver/Src/stm32l4xx_hal_cortex.o
 .ARM.attributes
                0x000001e5       0x39 Drivers/STM32L4xx_HAL_Driver/Src/stm32l4xx_hal_gpio.o
 .ARM.attributes
                0x0000021e       0x39 Drivers/STM32L4xx_HAL_Driver/Src/stm32l4xx_hal_i2c.o
 .ARM.attributes
                0x00000257       0x39 Drivers/STM32L4xx_HAL_Driver/Src/stm32l4xx_hal_i2c_ex.o
 .ARM.attributes
                0x00000290       0x39 Drivers/STM32L4xx_HAL_Driver/Src/stm32l4xx_hal_pwr_ex.o
 .ARM.attributes
                0x000002c9       0x39 Drivers/STM32L4xx_HAL_Driver/Src/stm32l4xx_hal_rcc.o
 .ARM.attributes
                0x00000302       0x39 Drivers/STM32L4xx_HAL_Driver/Src/stm32l4xx_hal_rcc_ex.o
 .ARM.attributes
                0x0000033b       0x39 Drivers/STM32L4xx_HAL_Driver/Src/stm32l4xx_hal_uart.o
 .ARM.attributes
                0x00000374       0x21 startup/startup_stm32l432xx.o
 .ARM.attributes
                0x00000395       0x22 c:/ac6/systemworkbench/plugins/fr.ac6.mcu.externaltools.arm-none.win32_1.17.0.201812190825/tools/compiler/bin/../lib/gcc/arm-none-eabi/7.3.1/thumb/v7e-m/fpv4-sp/hard\libgcc.a(_aeabi_uldivmod.o)
 .ARM.attributes
                0x000003b7       0x34 c:/ac6/systemworkbench/plugins/fr.ac6.mcu.externaltools.arm-none.win32_1.17.0.201812190825/tools/compiler/bin/../lib/gcc/arm-none-eabi/7.3.1/thumb/v7e-m/fpv4-sp/hard\libgcc.a(_udivmoddi4.o)
 .ARM.attributes
                0x000003eb       0x22 c:/ac6/systemworkbench/plugins/fr.ac6.mcu.externaltools.arm-none.win32_1.17.0.201812190825/tools/compiler/bin/../lib/gcc/arm-none-eabi/7.3.1/thumb/v7e-m/fpv4-sp/hard\libgcc.a(_dvmd_tls.o)
 .ARM.attributes
                0x0000040d       0x34 c:/ac6/systemworkbench/plugins/fr.ac6.mcu.externaltools.arm-none.win32_1.17.0.201812190825/tools/compiler/bin/../lib/gcc/arm-none-eabi/7.3.1/../../../../arm-none-eabi/lib/thumb/v7e-m/fpv4-sp/hard\libc_nano.a(lib_a-init.o)
 .ARM.attributes
                0x00000441       0x34 c:/ac6/systemworkbench/plugins/fr.ac6.mcu.externaltools.arm-none.win32_1.17.0.201812190825/tools/compiler/bin/../lib/gcc/arm-none-eabi/7.3.1/../../../../arm-none-eabi/lib/thumb/v7e-m/fpv4-sp/hard\libc_nano.a(lib_a-memcpy-stub.o)
 .ARM.attributes
                0x00000475       0x34 c:/ac6/systemworkbench/plugins/fr.ac6.mcu.externaltools.arm-none.win32_1.17.0.201812190825/tools/compiler/bin/../lib/gcc/arm-none-eabi/7.3.1/../../../../arm-none-eabi/lib/thumb/v7e-m/fpv4-sp/hard\libc_nano.a(lib_a-memset.o)
 .ARM.attributes
                0x000004a9       0x34 c:/ac6/systemworkbench/plugins/fr.ac6.mcu.externaltools.arm-none.win32_1.17.0.201812190825/tools/compiler/bin/../lib/gcc/arm-none-eabi/7.3.1/../../../../arm-none-eabi/lib/thumb/v7e-m/fpv4-sp/hard\libc_nano.a(lib_a-strcpy.o)
 .ARM.attributes
                0x000004dd       0x34 c:/ac6/systemworkbench/plugins/fr.ac6.mcu.externaltools.arm-none.win32_1.17.0.201812190825/tools/compiler/bin/../lib/gcc/arm-none-eabi/7.3.1/../../../../arm-none-eabi/lib/thumb/v7e-m/fpv4-sp/hard\libc_nano.a(lib_a-strncmp.o)
 .ARM.attributes
                0x00000511       0x22 c:/ac6/systemworkbench/plugins/fr.ac6.mcu.externaltools.arm-none.win32_1.17.0.201812190825/tools/compiler/bin/../lib/gcc/arm-none-eabi/7.3.1/thumb/v7e-m/fpv4-sp/hard/crtn.o
OUTPUT(EEPROM_TESTING.elf elf32-littlearm)

.debug_info     0x00000000    0x113d6
 .debug_info    0x00000000     0x20de Core/Src/eeprom.o
 .debug_info    0x000020de     0x2063 Core/Src/main.o
 .debug_info    0x00004141      0xfe3 Core/Src/stm32l4xx_hal_msp.o
 .debug_info    0x00005124      0x3ac Core/Src/stm32l4xx_it.o
 .debug_info    0x000054d0      0x73a Core/Src/system_stm32l4xx.o
 .debug_info    0x00005c0a      0xb7e Drivers/STM32L4xx_HAL_Driver/Src/stm32l4xx_hal.o
 .debug_info    0x00006788     0x1053 Drivers/STM32L4xx_HAL_Driver/Src/stm32l4xx_hal_cortex.o
 .debug_info    0x000077db      0x9ca Drivers/STM32L4xx_HAL_Driver/Src/stm32l4xx_hal_gpio.o
 .debug_info    0x000081a5     0x3b4f Drivers/STM32L4xx_HAL_Driver/Src/stm32l4xx_hal_i2c.o
 .debug_info    0x0000bcf4      0xb88 Drivers/STM32L4xx_HAL_Driver/Src/stm32l4xx_hal_i2c_ex.o
 .debug_info    0x0000c87c      0xb4a Drivers/STM32L4xx_HAL_Driver/Src/stm32l4xx_hal_pwr_ex.o
 .debug_info    0x0000d3c6      0xf40 Drivers/STM32L4xx_HAL_Driver/Src/stm32l4xx_hal_rcc.o
 .debug_info    0x0000e306     0x127d Drivers/STM32L4xx_HAL_Driver/Src/stm32l4xx_hal_rcc_ex.o
 .debug_info    0x0000f583     0x1e31 Drivers/STM32L4xx_HAL_Driver/Src/stm32l4xx_hal_uart.o
 .debug_info    0x000113b4       0x22 startup/startup_stm32l432xx.o

.debug_abbrev   0x00000000     0x1f16
 .debug_abbrev  0x00000000      0x3d8 Core/Src/eeprom.o
 .debug_abbrev  0x000003d8      0x33f Core/Src/main.o
 .debug_abbrev  0x00000717      0x1b4 Core/Src/stm32l4xx_hal_msp.o
 .debug_abbrev  0x000008cb      0x117 Core/Src/stm32l4xx_it.o
 .debug_abbrev  0x000009e2      0x150 Core/Src/system_stm32l4xx.o
 .debug_abbrev  0x00000b32      0x209 Drivers/STM32L4xx_HAL_Driver/Src/stm32l4xx_hal.o
 .debug_abbrev  0x00000d3b      0x328 Drivers/STM32L4xx_HAL_Driver/Src/stm32l4xx_hal_cortex.o
 .debug_abbrev  0x00001063      0x1de Drivers/STM32L4xx_HAL_Driver/Src/stm32l4xx_hal_gpio.o
 .debug_abbrev  0x00001241      0x25d Drivers/STM32L4xx_HAL_Driver/Src/stm32l4xx_hal_i2c.o
 .debug_abbrev  0x0000149e      0x1b9 Drivers/STM32L4xx_HAL_Driver/Src/stm32l4xx_hal_i2c_ex.o
 .debug_abbrev  0x00001657      0x1f5 Drivers/STM32L4xx_HAL_Driver/Src/stm32l4xx_hal_pwr_ex.o
 .debug_abbrev  0x0000184c      0x21f Drivers/STM32L4xx_HAL_Driver/Src/stm32l4xx_hal_rcc.o
 .debug_abbrev  0x00001a6b      0x24c Drivers/STM32L4xx_HAL_Driver/Src/stm32l4xx_hal_rcc_ex.o
 .debug_abbrev  0x00001cb7      0x24d Drivers/STM32L4xx_HAL_Driver/Src/stm32l4xx_hal_uart.o
 .debug_abbrev  0x00001f04       0x12 startup/startup_stm32l432xx.o

.debug_loc      0x00000000     0x965b
 .debug_loc     0x00000000      0x81e Core/Src/eeprom.o
 .debug_loc     0x0000081e       0x21 Core/Src/main.o
 .debug_loc     0x0000083f       0xe8 Core/Src/stm32l4xx_hal_msp.o
 .debug_loc     0x00000927      0x1b8 Core/Src/system_stm32l4xx.o
 .debug_loc     0x00000adf      0x195 Drivers/STM32L4xx_HAL_Driver/Src/stm32l4xx_hal.o
 .debug_loc     0x00000c74      0x5ce Drivers/STM32L4xx_HAL_Driver/Src/stm32l4xx_hal_cortex.o
 .debug_loc     0x00001242      0x334 Drivers/STM32L4xx_HAL_Driver/Src/stm32l4xx_hal_gpio.o
 .debug_loc     0x00001576     0x4565 Drivers/STM32L4xx_HAL_Driver/Src/stm32l4xx_hal_i2c.o
 .debug_loc     0x00005adb      0x204 Drivers/STM32L4xx_HAL_Driver/Src/stm32l4xx_hal_i2c_ex.o
 .debug_loc     0x00005cdf      0x648 Drivers/STM32L4xx_HAL_Driver/Src/stm32l4xx_hal_pwr_ex.o
 .debug_loc     0x00006327      0x661 Drivers/STM32L4xx_HAL_Driver/Src/stm32l4xx_hal_rcc.o
 .debug_loc     0x00006988     0x1495 Drivers/STM32L4xx_HAL_Driver/Src/stm32l4xx_hal_rcc_ex.o
 .debug_loc     0x00007e1d     0x183e Drivers/STM32L4xx_HAL_Driver/Src/stm32l4xx_hal_uart.o

.debug_aranges  0x00000000      0xbb0
 .debug_aranges
                0x00000000       0xd8 Core/Src/eeprom.o
 .debug_aranges
                0x000000d8       0x50 Core/Src/main.o
 .debug_aranges
                0x00000128       0x40 Core/Src/stm32l4xx_hal_msp.o
 .debug_aranges
                0x00000168       0x68 Core/Src/stm32l4xx_it.o
 .debug_aranges
                0x000001d0       0x28 Core/Src/system_stm32l4xx.o
 .debug_aranges
                0x000001f8      0x108 Drivers/STM32L4xx_HAL_Driver/Src/stm32l4xx_hal.o
 .debug_aranges
                0x00000300       0xa8 Drivers/STM32L4xx_HAL_Driver/Src/stm32l4xx_hal_cortex.o
 .debug_aranges
                0x000003a8       0x58 Drivers/STM32L4xx_HAL_Driver/Src/stm32l4xx_hal_gpio.o
 .debug_aranges
                0x00000400      0x290 Drivers/STM32L4xx_HAL_Driver/Src/stm32l4xx_hal_i2c.o
 .debug_aranges
                0x00000690       0x48 Drivers/STM32L4xx_HAL_Driver/Src/stm32l4xx_hal_i2c_ex.o
 .debug_aranges
                0x000006d8      0x128 Drivers/STM32L4xx_HAL_Driver/Src/stm32l4xx_hal_pwr_ex.o
 .debug_aranges
                0x00000800       0x88 Drivers/STM32L4xx_HAL_Driver/Src/stm32l4xx_hal_rcc.o
 .debug_aranges
                0x00000888       0xf0 Drivers/STM32L4xx_HAL_Driver/Src/stm32l4xx_hal_rcc_ex.o
 .debug_aranges
                0x00000978      0x210 Drivers/STM32L4xx_HAL_Driver/Src/stm32l4xx_hal_uart.o
 .debug_aranges
                0x00000b88       0x28 startup/startup_stm32l432xx.o

.debug_ranges   0x00000000      0xba0
 .debug_ranges  0x00000000      0x110 Core/Src/eeprom.o
 .debug_ranges  0x00000110       0x40 Core/Src/main.o
 .debug_ranges  0x00000150       0x30 Core/Src/stm32l4xx_hal_msp.o
 .debug_ranges  0x00000180       0x58 Core/Src/stm32l4xx_it.o
 .debug_ranges  0x000001d8       0x18 Core/Src/system_stm32l4xx.o
 .debug_ranges  0x000001f0       0xf8 Drivers/STM32L4xx_HAL_Driver/Src/stm32l4xx_hal.o
 .debug_ranges  0x000002e8       0xf8 Drivers/STM32L4xx_HAL_Driver/Src/stm32l4xx_hal_cortex.o
 .debug_ranges  0x000003e0       0x48 Drivers/STM32L4xx_HAL_Driver/Src/stm32l4xx_hal_gpio.o
 .debug_ranges  0x00000428      0x280 Drivers/STM32L4xx_HAL_Driver/Src/stm32l4xx_hal_i2c.o
 .debug_ranges  0x000006a8       0x38 Drivers/STM32L4xx_HAL_Driver/Src/stm32l4xx_hal_i2c_ex.o
 .debug_ranges  0x000006e0      0x118 Drivers/STM32L4xx_HAL_Driver/Src/stm32l4xx_hal_pwr_ex.o
 .debug_ranges  0x000007f8       0x90 Drivers/STM32L4xx_HAL_Driver/Src/stm32l4xx_hal_rcc.o
 .debug_ranges  0x00000888       0xf8 Drivers/STM32L4xx_HAL_Driver/Src/stm32l4xx_hal_rcc_ex.o
 .debug_ranges  0x00000980      0x200 Drivers/STM32L4xx_HAL_Driver/Src/stm32l4xx_hal_uart.o
 .debug_ranges  0x00000b80       0x20 startup/startup_stm32l432xx.o

.debug_macro    0x00000000    0x1fdc5
 .debug_macro   0x00000000      0x2c8 Core/Src/eeprom.o
 .debug_macro   0x000002c8      0xa54 Core/Src/eeprom.o
 .debug_macro   0x00000d1c      0x1a7 Core/Src/eeprom.o
 .debug_macro   0x00000ec3       0x2e Core/Src/eeprom.o
 .debug_macro   0x00000ef1       0x28 Core/Src/eeprom.o
 .debug_macro   0x00000f19       0x22 Core/Src/eeprom.o
 .debug_macro   0x00000f3b       0x8e Core/Src/eeprom.o
 .debug_macro   0x00000fc9       0x51 Core/Src/eeprom.o
 .debug_macro   0x0000101a       0xef Core/Src/eeprom.o
 .debug_macro   0x00001109       0x6a Core/Src/eeprom.o
 .debug_macro   0x00001173      0x1df Core/Src/eeprom.o
 .debug_macro   0x00001352       0x1c Core/Src/eeprom.o
 .debug_macro   0x0000136e       0x22 Core/Src/eeprom.o
 .debug_macro   0x00001390      0x101 Core/Src/eeprom.o
 .debug_macro   0x00001491     0x1011 Core/Src/eeprom.o
 .debug_macro   0x000024a2      0x11f Core/Src/eeprom.o
 .debug_macro   0x000025c1    0x147b4 Core/Src/eeprom.o
 .debug_macro   0x00016d75       0x43 Core/Src/eeprom.o
 .debug_macro   0x00016db8     0x3890 Core/Src/eeprom.o
 .debug_macro   0x0001a648      0x174 Core/Src/eeprom.o
 .debug_macro   0x0001a7bc       0x5c Core/Src/eeprom.o
 .debug_macro   0x0001a818     0x118b Core/Src/eeprom.o
 .debug_macro   0x0001b9a3      0x535 Core/Src/eeprom.o
 .debug_macro   0x0001bed8      0x13d Core/Src/eeprom.o
 .debug_macro   0x0001c015      0x122 Core/Src/eeprom.o
 .debug_macro   0x0001c137      0x26b Core/Src/eeprom.o
 .debug_macro   0x0001c3a2      0x23d Core/Src/eeprom.o
 .debug_macro   0x0001c5df      0x241 Core/Src/eeprom.o
 .debug_macro   0x0001c820      0x375 Core/Src/eeprom.o
 .debug_macro   0x0001cb95       0xd6 Core/Src/eeprom.o
 .debug_macro   0x0001cc6b      0x22c Core/Src/eeprom.o
 .debug_macro   0x0001ce97       0x61 Core/Src/eeprom.o
 .debug_macro   0x0001cef8       0xa5 Core/Src/eeprom.o
 .debug_macro   0x0001cf9d      0x122 Core/Src/eeprom.o
 .debug_macro   0x0001d0bf      0x357 Core/Src/eeprom.o
 .debug_macro   0x0001d416      0x59e Core/Src/eeprom.o
 .debug_macro   0x0001d9b4       0x44 Core/Src/eeprom.o
 .debug_macro   0x0001d9f8      0x221 Core/Src/eeprom.o
 .debug_macro   0x0001dc19       0x52 Core/Src/eeprom.o
 .debug_macro   0x0001dc6b       0x18 Core/Src/eeprom.o
 .debug_macro   0x0001dc83       0x5e Core/Src/eeprom.o
 .debug_macro   0x0001dce1       0x35 Core/Src/eeprom.o
 .debug_macro   0x0001dd16       0x34 Core/Src/eeprom.o
 .debug_macro   0x0001dd4a       0x16 Core/Src/eeprom.o
 .debug_macro   0x0001dd60       0x35 Core/Src/eeprom.o
 .debug_macro   0x0001dd95       0x58 Core/Src/eeprom.o
 .debug_macro   0x0001dded       0x1f Core/Src/eeprom.o
 .debug_macro   0x0001de0c       0x43 Core/Src/eeprom.o
 .debug_macro   0x0001de4f       0x20 Core/Src/eeprom.o
 .debug_macro   0x0001de6f      0x18e Core/Src/eeprom.o
 .debug_macro   0x0001dffd      0x32a Core/Src/eeprom.o
 .debug_macro   0x0001e327       0x16 Core/Src/eeprom.o
 .debug_macro   0x0001e33d       0x29 Core/Src/eeprom.o
 .debug_macro   0x0001e366       0x16 Core/Src/eeprom.o
 .debug_macro   0x0001e37c      0x27e Core/Src/main.o
 .debug_macro   0x0001e5fa       0x58 Core/Src/main.o
 .debug_macro   0x0001e652      0x1cf Core/Src/stm32l4xx_hal_msp.o
 .debug_macro   0x0001e821      0x1d9 Core/Src/stm32l4xx_it.o
 .debug_macro   0x0001e9fa      0x1cb Core/Src/system_stm32l4xx.o
 .debug_macro   0x0001ebc5      0x20d Drivers/STM32L4xx_HAL_Driver/Src/stm32l4xx_hal.o
 .debug_macro   0x0001edd2      0x1c5 Drivers/STM32L4xx_HAL_Driver/Src/stm32l4xx_hal_cortex.o
 .debug_macro   0x0001ef97      0x204 Drivers/STM32L4xx_HAL_Driver/Src/stm32l4xx_hal_gpio.o
 .debug_macro   0x0001f19b      0x28a Drivers/STM32L4xx_HAL_Driver/Src/stm32l4xx_hal_i2c.o
 .debug_macro   0x0001f425      0x1c5 Drivers/STM32L4xx_HAL_Driver/Src/stm32l4xx_hal_i2c_ex.o
 .debug_macro   0x0001f5ea      0x1e9 Drivers/STM32L4xx_HAL_Driver/Src/stm32l4xx_hal_pwr_ex.o
 .debug_macro   0x0001f7d3      0x207 Drivers/STM32L4xx_HAL_Driver/Src/stm32l4xx_hal_rcc.o
 .debug_macro   0x0001f9da      0x1fb Drivers/STM32L4xx_HAL_Driver/Src/stm32l4xx_hal_rcc_ex.o
 .debug_macro   0x0001fbd5      0x1f0 Drivers/STM32L4xx_HAL_Driver/Src/stm32l4xx_hal_uart.o

.debug_line     0x00000000     0x9e2f
 .debug_line    0x00000000      0xb15 Core/Src/eeprom.o
 .debug_line    0x00000b15      0x864 Core/Src/main.o
 .debug_line    0x00001379      0x788 Core/Src/stm32l4xx_hal_msp.o
 .debug_line    0x00001b01      0x7b1 Core/Src/stm32l4xx_it.o
 .debug_line    0x000022b2      0x747 Core/Src/system_stm32l4xx.o
 .debug_line    0x000029f9      0x951 Drivers/STM32L4xx_HAL_Driver/Src/stm32l4xx_hal.o
 .debug_line    0x0000334a      0x95f Drivers/STM32L4xx_HAL_Driver/Src/stm32l4xx_hal_cortex.o
 .debug_line    0x00003ca9      0x859 Drivers/STM32L4xx_HAL_Driver/Src/stm32l4xx_hal_gpio.o
 .debug_line    0x00004502     0x1bb0 Drivers/STM32L4xx_HAL_Driver/Src/stm32l4xx_hal_i2c.o
 .debug_line    0x000060b2      0x853 Drivers/STM32L4xx_HAL_Driver/Src/stm32l4xx_hal_i2c_ex.o
 .debug_line    0x00006905      0xaa1 Drivers/STM32L4xx_HAL_Driver/Src/stm32l4xx_hal_pwr_ex.o
 .debug_line    0x000073a6      0xac4 Drivers/STM32L4xx_HAL_Driver/Src/stm32l4xx_hal_rcc.o
 .debug_line    0x00007e6a      0xca0 Drivers/STM32L4xx_HAL_Driver/Src/stm32l4xx_hal_rcc_ex.o
 .debug_line    0x00008b0a     0x12a5 Drivers/STM32L4xx_HAL_Driver/Src/stm32l4xx_hal_uart.o
 .debug_line    0x00009daf       0x80 startup/startup_stm32l432xx.o

.debug_str      0x00000000    0xc0db8
 .debug_str     0x00000000    0xbcc39 Core/Src/eeprom.o
                              0xbd051 (size before relaxing)
 .debug_str     0x000bcc39     0x1215 Core/Src/main.o
                              0xbdee3 (size before relaxing)
 .debug_str     0x000bde4e       0x87 Core/Src/stm32l4xx_hal_msp.o
                              0xba17d (size before relaxing)
 .debug_str     0x000bded5       0xf7 Core/Src/stm32l4xx_it.o
                              0xb99d5 (size before relaxing)
 .debug_str     0x000bdfcc       0xcd Core/Src/system_stm32l4xx.o
                              0xb9adf (size before relaxing)
 .debug_str     0x000be099      0x4e3 Drivers/STM32L4xx_HAL_Driver/Src/stm32l4xx_hal.o
                              0xba402 (size before relaxing)
 .debug_str     0x000be57c      0x331 Drivers/STM32L4xx_HAL_Driver/Src/stm32l4xx_hal_cortex.o
                              0xba21a (size before relaxing)
 .debug_str     0x000be8ad      0x1cd Drivers/STM32L4xx_HAL_Driver/Src/stm32l4xx_hal_gpio.o
                              0xb9d59 (size before relaxing)
 .debug_str     0x000bea7a      0xd2e Drivers/STM32L4xx_HAL_Driver/Src/stm32l4xx_hal_i2c.o
                              0xbac2c (size before relaxing)
 .debug_str     0x000bf7a8       0xb8 Drivers/STM32L4xx_HAL_Driver/Src/stm32l4xx_hal_i2c_ex.o
                              0xb9fe8 (size before relaxing)
 .debug_str     0x000bf860      0x44e Drivers/STM32L4xx_HAL_Driver/Src/stm32l4xx_hal_pwr_ex.o
                              0xb9f96 (size before relaxing)
 .debug_str     0x000bfcae      0x364 Drivers/STM32L4xx_HAL_Driver/Src/stm32l4xx_hal_rcc.o
                              0xba09c (size before relaxing)
 .debug_str     0x000c0012      0x541 Drivers/STM32L4xx_HAL_Driver/Src/stm32l4xx_hal_rcc_ex.o
                              0xba362 (size before relaxing)
 .debug_str     0x000c0553      0x836 Drivers/STM32L4xx_HAL_Driver/Src/stm32l4xx_hal_uart.o
                              0xba73f (size before relaxing)
 .debug_str     0x000c0d89       0x2f startup/startup_stm32l432xx.o
                                 0x6d (size before relaxing)

.comment        0x00000000       0x7f
 .comment       0x00000000       0x7f Core/Src/eeprom.o
                                 0x80 (size before relaxing)
 .comment       0x0000007f       0x80 Core/Src/main.o
 .comment       0x0000007f       0x80 Core/Src/stm32l4xx_hal_msp.o
 .comment       0x0000007f       0x80 Core/Src/stm32l4xx_it.o
 .comment       0x0000007f       0x80 Core/Src/system_stm32l4xx.o
 .comment       0x0000007f       0x80 Drivers/STM32L4xx_HAL_Driver/Src/stm32l4xx_hal.o
 .comment       0x0000007f       0x80 Drivers/STM32L4xx_HAL_Driver/Src/stm32l4xx_hal_cortex.o
 .comment       0x0000007f       0x80 Drivers/STM32L4xx_HAL_Driver/Src/stm32l4xx_hal_gpio.o
 .comment       0x0000007f       0x80 Drivers/STM32L4xx_HAL_Driver/Src/stm32l4xx_hal_i2c.o
 .comment       0x0000007f       0x80 Drivers/STM32L4xx_HAL_Driver/Src/stm32l4xx_hal_i2c_ex.o
 .comment       0x0000007f       0x80 Drivers/STM32L4xx_HAL_Driver/Src/stm32l4xx_hal_pwr_ex.o
 .comment       0x0000007f       0x80 Drivers/STM32L4xx_HAL_Driver/Src/stm32l4xx_hal_rcc.o
 .comment       0x0000007f       0x80 Drivers/STM32L4xx_HAL_Driver/Src/stm32l4xx_hal_rcc_ex.o
 .comment       0x0000007f       0x80 Drivers/STM32L4xx_HAL_Driver/Src/stm32l4xx_hal_uart.o

.debug_frame    0x00000000     0x2018
 .debug_frame   0x00000000      0x2e4 Core/Src/eeprom.o
 .debug_frame   0x000002e4       0xd0 Core/Src/main.o
 .debug_frame   0x000003b4       0xa0 Core/Src/stm32l4xx_hal_msp.o
 .debug_frame   0x00000454       0xc0 Core/Src/stm32l4xx_it.o
 .debug_frame   0x00000514       0x30 Core/Src/system_stm32l4xx.o
 .debug_frame   0x00000544      0x21c Drivers/STM32L4xx_HAL_Driver/Src/stm32l4xx_hal.o
 .debug_frame   0x00000760      0x15c Drivers/STM32L4xx_HAL_Driver/Src/stm32l4xx_hal_cortex.o
 .debug_frame   0x000008bc       0xd0 Drivers/STM32L4xx_HAL_Driver/Src/stm32l4xx_hal_gpio.o
 .debug_frame   0x0000098c      0x928 Drivers/STM32L4xx_HAL_Driver/Src/stm32l4xx_hal_i2c.o
 .debug_frame   0x000012b4       0x80 Drivers/STM32L4xx_HAL_Driver/Src/stm32l4xx_hal_i2c_ex.o
 .debug_frame   0x00001334      0x248 Drivers/STM32L4xx_HAL_Driver/Src/stm32l4xx_hal_pwr_ex.o
 .debug_frame   0x0000157c      0x18c Drivers/STM32L4xx_HAL_Driver/Src/stm32l4xx_hal_rcc.o
 .debug_frame   0x00001708      0x248 Drivers/STM32L4xx_HAL_Driver/Src/stm32l4xx_hal_rcc_ex.o
 .debug_frame   0x00001950      0x5ac Drivers/STM32L4xx_HAL_Driver/Src/stm32l4xx_hal_uart.o
 .debug_frame   0x00001efc       0x2c c:/ac6/systemworkbench/plugins/fr.ac6.mcu.externaltools.arm-none.win32_1.17.0.201812190825/tools/compiler/bin/../lib/gcc/arm-none-eabi/7.3.1/thumb/v7e-m/fpv4-sp/hard\libgcc.a(_aeabi_uldivmod.o)
 .debug_frame   0x00001f28       0x34 c:/ac6/systemworkbench/plugins/fr.ac6.mcu.externaltools.arm-none.win32_1.17.0.201812190825/tools/compiler/bin/../lib/gcc/arm-none-eabi/7.3.1/thumb/v7e-m/fpv4-sp/hard\libgcc.a(_udivmoddi4.o)
 .debug_frame   0x00001f5c       0x2c c:/ac6/systemworkbench/plugins/fr.ac6.mcu.externaltools.arm-none.win32_1.17.0.201812190825/tools/compiler/bin/../lib/gcc/arm-none-eabi/7.3.1/../../../../arm-none-eabi/lib/thumb/v7e-m/fpv4-sp/hard\libc_nano.a(lib_a-init.o)
 .debug_frame   0x00001f88       0x28 c:/ac6/systemworkbench/plugins/fr.ac6.mcu.externaltools.arm-none.win32_1.17.0.201812190825/tools/compiler/bin/../lib/gcc/arm-none-eabi/7.3.1/../../../../arm-none-eabi/lib/thumb/v7e-m/fpv4-sp/hard\libc_nano.a(lib_a-memcpy-stub.o)
 .debug_frame   0x00001fb0       0x20 c:/ac6/systemworkbench/plugins/fr.ac6.mcu.externaltools.arm-none.win32_1.17.0.201812190825/tools/compiler/bin/../lib/gcc/arm-none-eabi/7.3.1/../../../../arm-none-eabi/lib/thumb/v7e-m/fpv4-sp/hard\libc_nano.a(lib_a-memset.o)
 .debug_frame   0x00001fd0       0x20 c:/ac6/systemworkbench/plugins/fr.ac6.mcu.externaltools.arm-none.win32_1.17.0.201812190825/tools/compiler/bin/../lib/gcc/arm-none-eabi/7.3.1/../../../../arm-none-eabi/lib/thumb/v7e-m/fpv4-sp/hard\libc_nano.a(lib_a-strcpy.o)
 .debug_frame   0x00001ff0       0x28 c:/ac6/systemworkbench/plugins/fr.ac6.mcu.externaltools.arm-none.win32_1.17.0.201812190825/tools/compiler/bin/../lib/gcc/arm-none-eabi/7.3.1/../../../../arm-none-eabi/lib/thumb/v7e-m/fpv4-sp/hard\libc_nano.a(lib_a-strncmp.o)
