Archive member included to satisfy reference by file (symbol)

c:/ac6/systemworkbench/plugins/fr.ac6.mcu.externaltools.arm-none.win32_1.17.0.201812190825/tools/compiler/bin/../lib/gcc/arm-none-eabi/7.3.1/../../../../arm-none-eabi/lib/thumb/v7e-m/fpv4-sp/hard\libm.a(lib_a-s_ceil.o)
                              Core/Src/i2c-lcd.o (ceil)
c:/ac6/systemworkbench/plugins/fr.ac6.mcu.externaltools.arm-none.win32_1.17.0.201812190825/tools/compiler/bin/../lib/gcc/arm-none-eabi/7.3.1/../../../../arm-none-eabi/lib/thumb/v7e-m/fpv4-sp/hard\libm.a(lib_a-w_pow.o)
                              Core/Src/i2c-lcd.o (pow)
c:/ac6/systemworkbench/plugins/fr.ac6.mcu.externaltools.arm-none.win32_1.17.0.201812190825/tools/compiler/bin/../lib/gcc/arm-none-eabi/7.3.1/../../../../arm-none-eabi/lib/thumb/v7e-m/fpv4-sp/hard\libm.a(lib_a-e_pow.o)
                              c:/ac6/systemworkbench/plugins/fr.ac6.mcu.externaltools.arm-none.win32_1.17.0.201812190825/tools/compiler/bin/../lib/gcc/arm-none-eabi/7.3.1/../../../../arm-none-eabi/lib/thumb/v7e-m/fpv4-sp/hard\libm.a(lib_a-w_pow.o) (__ieee754_pow)
c:/ac6/systemworkbench/plugins/fr.ac6.mcu.externaltools.arm-none.win32_1.17.0.201812190825/tools/compiler/bin/../lib/gcc/arm-none-eabi/7.3.1/../../../../arm-none-eabi/lib/thumb/v7e-m/fpv4-sp/hard\libm.a(lib_a-e_sqrt.o)
                              c:/ac6/systemworkbench/plugins/fr.ac6.mcu.externaltools.arm-none.win32_1.17.0.201812190825/tools/compiler/bin/../lib/gcc/arm-none-eabi/7.3.1/../../../../arm-none-eabi/lib/thumb/v7e-m/fpv4-sp/hard\libm.a(lib_a-e_pow.o) (__ieee754_sqrt)
c:/ac6/systemworkbench/plugins/fr.ac6.mcu.externaltools.arm-none.win32_1.17.0.201812190825/tools/compiler/bin/../lib/gcc/arm-none-eabi/7.3.1/../../../../arm-none-eabi/lib/thumb/v7e-m/fpv4-sp/hard\libm.a(lib_a-s_fabs.o)
                              c:/ac6/systemworkbench/plugins/fr.ac6.mcu.externaltools.arm-none.win32_1.17.0.201812190825/tools/compiler/bin/../lib/gcc/arm-none-eabi/7.3.1/../../../../arm-none-eabi/lib/thumb/v7e-m/fpv4-sp/hard\libm.a(lib_a-e_pow.o) (fabs)
c:/ac6/systemworkbench/plugins/fr.ac6.mcu.externaltools.arm-none.win32_1.17.0.201812190825/tools/compiler/bin/../lib/gcc/arm-none-eabi/7.3.1/../../../../arm-none-eabi/lib/thumb/v7e-m/fpv4-sp/hard\libm.a(lib_a-s_finite.o)
                              c:/ac6/systemworkbench/plugins/fr.ac6.mcu.externaltools.arm-none.win32_1.17.0.201812190825/tools/compiler/bin/../lib/gcc/arm-none-eabi/7.3.1/../../../../arm-none-eabi/lib/thumb/v7e-m/fpv4-sp/hard\libm.a(lib_a-w_pow.o) (finite)
c:/ac6/systemworkbench/plugins/fr.ac6.mcu.externaltools.arm-none.win32_1.17.0.201812190825/tools/compiler/bin/../lib/gcc/arm-none-eabi/7.3.1/../../../../arm-none-eabi/lib/thumb/v7e-m/fpv4-sp/hard\libm.a(lib_a-s_lib_ver.o)
                              c:/ac6/systemworkbench/plugins/fr.ac6.mcu.externaltools.arm-none.win32_1.17.0.201812190825/tools/compiler/bin/../lib/gcc/arm-none-eabi/7.3.1/../../../../arm-none-eabi/lib/thumb/v7e-m/fpv4-sp/hard\libm.a(lib_a-w_pow.o) (__fdlib_version)
c:/ac6/systemworkbench/plugins/fr.ac6.mcu.externaltools.arm-none.win32_1.17.0.201812190825/tools/compiler/bin/../lib/gcc/arm-none-eabi/7.3.1/../../../../arm-none-eabi/lib/thumb/v7e-m/fpv4-sp/hard\libm.a(lib_a-s_matherr.o)
                              c:/ac6/systemworkbench/plugins/fr.ac6.mcu.externaltools.arm-none.win32_1.17.0.201812190825/tools/compiler/bin/../lib/gcc/arm-none-eabi/7.3.1/../../../../arm-none-eabi/lib/thumb/v7e-m/fpv4-sp/hard\libm.a(lib_a-w_pow.o) (matherr)
c:/ac6/systemworkbench/plugins/fr.ac6.mcu.externaltools.arm-none.win32_1.17.0.201812190825/tools/compiler/bin/../lib/gcc/arm-none-eabi/7.3.1/../../../../arm-none-eabi/lib/thumb/v7e-m/fpv4-sp/hard\libm.a(lib_a-s_nan.o)
                              c:/ac6/systemworkbench/plugins/fr.ac6.mcu.externaltools.arm-none.win32_1.17.0.201812190825/tools/compiler/bin/../lib/gcc/arm-none-eabi/7.3.1/../../../../arm-none-eabi/lib/thumb/v7e-m/fpv4-sp/hard\libm.a(lib_a-e_pow.o) (nan)
c:/ac6/systemworkbench/plugins/fr.ac6.mcu.externaltools.arm-none.win32_1.17.0.201812190825/tools/compiler/bin/../lib/gcc/arm-none-eabi/7.3.1/../../../../arm-none-eabi/lib/thumb/v7e-m/fpv4-sp/hard\libm.a(lib_a-s_rint.o)
                              c:/ac6/systemworkbench/plugins/fr.ac6.mcu.externaltools.arm-none.win32_1.17.0.201812190825/tools/compiler/bin/../lib/gcc/arm-none-eabi/7.3.1/../../../../arm-none-eabi/lib/thumb/v7e-m/fpv4-sp/hard\libm.a(lib_a-w_pow.o) (rint)
c:/ac6/systemworkbench/plugins/fr.ac6.mcu.externaltools.arm-none.win32_1.17.0.201812190825/tools/compiler/bin/../lib/gcc/arm-none-eabi/7.3.1/../../../../arm-none-eabi/lib/thumb/v7e-m/fpv4-sp/hard\libm.a(lib_a-s_scalbn.o)
                              c:/ac6/systemworkbench/plugins/fr.ac6.mcu.externaltools.arm-none.win32_1.17.0.201812190825/tools/compiler/bin/../lib/gcc/arm-none-eabi/7.3.1/../../../../arm-none-eabi/lib/thumb/v7e-m/fpv4-sp/hard\libm.a(lib_a-e_pow.o) (scalbn)
[...]
Memory Configuration

Name             Origin             Length             Attributes
RAM              0x20000000         0x00010000         xrw
FLASH            0x08000000         0x00040000         xr
*default*        0x00000000         0xffffffff

Linker script and memory map

LOAD c:/ac6/systemworkbench/plugins/fr.ac6.mcu.externaltools.arm-none.win32_1.17.0.201812190825/tools/compiler/bin/../lib/gcc/arm-none-eabi/7.3.1/thumb/v7e-m/fpv4-sp/hard/crti.o
LOAD c:/ac6/systemworkbench/plugins/fr.ac6.mcu.externaltools.arm-none.win32_1.17.0.201812190825/tools/compiler/bin/../lib/gcc/arm-none-eabi/7.3.1/thumb/v7e-m/fpv4-sp/hard/crtbegin.o
LOAD c:/ac6/systemworkbench/plugins/fr.ac6.mcu.externaltools.arm-none.win32_1.17.0.201812190825/tools/compiler/bin/../lib/gcc/arm-none-eabi/7.3.1/../../../../arm-none-eabi/lib/thumb/v7e-m/fpv4-sp/hard/crt0.o
LOAD Core/Src/eeprom.o
LOAD Core/Src/i2c-lcd.o
LOAD Core/Src/main.o
LOAD Core/Src/stm32l4xx_hal_msp.o
LOAD Core/Src/stm32l4xx_it.o
LOAD Core/Src/syscalls.o
LOAD Core/Src/system_stm32l4xx.o
LOAD Drivers/STM32L4xx_HAL_Driver/Src/stm32l4xx_hal.o
LOAD Drivers/STM32L4xx_HAL_Driver/Src/stm32l4xx_hal_cortex.o
LOAD Drivers/STM32L4xx_HAL_Driver/Src/stm32l4xx_hal_dma.o
LOAD Drivers/STM32L4xx_HAL_Driver/Src/stm32l4xx_hal_dma_ex.o
LOAD Drivers/STM32L4xx_HAL_Driver/Src/stm32l4xx_hal_exti.o
LOAD Drivers/STM32L4xx_HAL_Driver/Src/stm32l4xx_hal_flash.o
LOAD Drivers/STM32L4xx_HAL_Driver/Src/stm32l4xx_hal_flash_ex.o
LOAD Drivers/STM32L4xx_HAL_Driver/Src/stm32l4xx_hal_flash_ramfunc.o
LOAD Drivers/STM32L4xx_HAL_Driver/Src/stm32l4xx_hal_gpio.o
LOAD Drivers/STM32L4xx_HAL_Driver/Src/stm32l4xx_hal_i2c.o
LOAD Drivers/STM32L4xx_HAL_Driver/Src/stm32l4xx_hal_i2c_ex.o
LOAD Drivers/STM32L4xx_HAL_Driver/Src/stm32l4xx_hal_pwr.o
LOAD Drivers/STM32L4xx_HAL_Driver/Src/stm32l4xx_hal_pwr_ex.o
LOAD Drivers/STM32L4xx_HAL_Driver/Src/stm32l4xx_hal_rcc.o
LOAD Drivers/STM32L4xx_HAL_Driver/Src/stm32l4xx_hal_rcc_ex.o
LOAD Drivers/STM32L4xx_HAL_Driver/Src/stm32l4xx_hal_tim.o
LOAD Drivers/STM32L4xx_HAL_Driver/Src/stm32l4xx_hal_tim_ex.o
LOAD Drivers/STM32L4xx_HAL_Driver/Src/stm32l4xx_hal_uart.o
LOAD Drivers/STM32L4xx_HAL_Driver/Src/stm32l4xx_hal_uart_ex.o
LOAD startup/startup_stm32l432xx.o
LOAD c:/ac6/systemworkbench/plugins/fr.ac6.mcu.externaltools.arm-none.win32_1.17.0.201812190825/tools/compiler/bin/../lib/gcc/arm-none-eabi/7.3.1/../../../../arm-none-eabi/lib/thumb/v7e-m/fpv4-sp/hard\libm.a
START GROUP
LOAD c:/ac6/systemworkbench/plugins/fr.ac6.mcu.externaltools.arm-none.win32_1.17.0.201812190825/tools/compiler/bin/../lib/gcc/arm-none-eabi/7.3.1/thumb/v7e-m/fpv4-sp/hard\libgcc.a
LOAD c:/ac6/systemworkbench/plugins/fr.ac6.mcu.externaltools.arm-none.win32_1.17.0.201812190825/tools/compiler/bin/../lib/gcc/arm-none-eabi/7.3.1/../../../../arm-none-eabi/lib/thumb/v7e-m/fpv4-sp/hard\libc_nano.a
END GROUP
START GROUP
LOAD c:/ac6/systemworkbench/plugins/fr.ac6.mcu.externaltools.arm-none.win32_1.17.0.201812190825/tools/compiler/bin/../lib/gcc/arm-none-eabi/7.3.1/thumb/v7e-m/fpv4-sp/hard\libgcc.a
LOAD c:/ac6/systemworkbench/plugins/fr.ac6.mcu.externaltools.arm-none.win32_1.17.0.201812190825/tools/compiler/bin/../lib/gcc/arm-none-eabi/7.3.1/../../../../arm-none-eabi/lib/thumb/v7e-m/fpv4-sp/hard\libc_nano.a
LOAD c:/ac6/systemworkbench/plugins/fr.ac6.mcu.externaltools.arm-none.win32_1.17.0.201812190825/tools/compiler/bin/../lib/gcc/arm-none-eabi/7.3.1/../../../../arm-none-eabi/lib/thumb/v7e-m/fpv4-sp/hard\libnosys.a
END GROUP
START GROUP
LOAD c:/ac6/systemworkbench/plugins/fr.ac6.mcu.externaltools.arm-none.win32_1.17.0.201812190825/tools/compiler/bin/../lib/gcc/arm-none-eabi/7.3.1/thumb/v7e-m/fpv4-sp/hard\libgcc.a
LOAD c:/ac6/systemworkbench/plugins/fr.ac6.mcu.externaltools.arm-none.win32_1.17.0.201812190825/tools/compiler/bin/../lib/gcc/arm-none-eabi/7.3.1/../../../../arm-none-eabi/lib/thumb/v7e-m/fpv4-sp/hard\libc_nano.a
LOAD c:/ac6/systemworkbench/plugins/fr.ac6.mcu.externaltools.arm-none.win32_1.17.0.201812190825/tools/compiler/bin/../lib/gcc/arm-none-eabi/7.3.1/../../../../arm-none-eabi/lib/thumb/v7e-m/fpv4-sp/hard\libnosys.a
END GROUP
LOAD c:/ac6/systemworkbench/plugins/fr.ac6.mcu.externaltools.arm-none.win32_1.17.0.201812190825/tools/compiler/bin/../lib/gcc/arm-none-eabi/7.3.1/thumb/v7e-m/fpv4-sp/hard/crtend.o
LOAD c:/ac6/systemworkbench/plugins/fr.ac6.mcu.externaltools.arm-none.win32_1.17.0.201812190825/tools/compiler/bin/../lib/gcc/arm-none-eabi/7.3.1/thumb/v7e-m/fpv4-sp/hard/crtn.o
                0x20010000                _estack = 0x20010000
                0x00000200                _Min_Heap_Size = 0x200
                0x00000400                _Min_Stack_Size = 0x400

.isr_vector     0x08000000      0x190
                0x08000000                . = ALIGN (0x8)
 *(.isr_vector)
 .isr_vector    0x08000000      0x18c startup/startup_stm32l432xx.o
                0x08000000                g_pfnVectors
                0x08000190                . = ALIGN (0x8)
 *fill*         0x0800018c        0x4 

.text           0x08000190     0x26c0
                0x08000190                . = ALIGN (0x8)
 *(.text)
 .text          0x08000190       0x40 c:/ac6/systemworkbench/plugins/fr.ac6.mcu.externaltools.arm-none.win32_1.17.0.201812190825/tools/compiler/bin/../lib/gcc/arm-none-eabi/7.3.1/thumb/v7e-m/fpv4-sp/hard/crtbegin.o
 .text          0x080001d0       0x30 c:/ac6/systemworkbench/plugins/fr.ac6.mcu.externaltools.arm-none.win32_1.17.0.201812190825/tools/compiler/bin/../lib/gcc/arm-none-eabi/7.3.1/thumb/v7e-m/fpv4-sp/hard\libgcc.a(_aeabi_uldivmod.o)
                0x080001d0                __aeabi_uldivmod
 .text          0x08000200      0x2cc c:/ac6/systemworkbench/plugins/fr.ac6.mcu.externaltools.arm-none.win32_1.17.0.201812190825/tools/compiler/bin/../lib/gcc/arm-none-eabi/7.3.1/thumb/v7e-m/fpv4-sp/hard\libgcc.a(_udivmoddi4.o)
                0x08000200                __udivmoddi4
 .text          0x080004cc        0x4 c:/ac6/systemworkbench/plugins/fr.ac6.mcu.externaltools.arm-none.win32_1.17.0.201812190825/tools/compiler/bin/../lib/gcc/arm-none-eabi/7.3.1/thumb/v7e-m/fpv4-sp/hard\libgcc.a(_dvmd_tls.o)
                0x080004cc                __aeabi_idiv0
                0x080004cc                __aeabi_ldiv0
 *(.text*)
 .text.esetAddress
                0x080004d0       0x44 Core/Src/eeprom.o
                0x080004d0                esetAddress
 .text.edownload
                0x08000514       0x34 Core/Src/eeprom.o
                0x08000514                edownload
 .text.edump    0x08000548       0x44 Core/Src/eeprom.o
                0x08000548                edump
 .text.MX_GPIO_Init
                0x0800058c       0xe8 Core/Src/main.o
 .text.MX_I2C3_Init
                0x08000674       0x44 Core/Src/main.o
 .text.MX_USART1_UART_Init
                0x080006b8       0x30 Core/Src/main.o
 .text.SystemClock_Config
                0x080006e8       0x7c Core/Src/main.o
                0x080006e8                SystemClock_Config
 .text.main     0x08000764       0x54 Core/Src/main.o
                0x08000764                main
 .text.HAL_GPIO_EXTI_Callback
                0x080007b8       0x24 Core/Src/main.o
                0x080007b8                HAL_GPIO_EXTI_Callback
 .text.HAL_MspInit
                0x080007dc       0x30 Core/Src/stm32l4xx_hal_msp.o
                0x080007dc                HAL_MspInit
 .text.HAL_I2C_MspInit
                0x0800080c       0xa0 Core/Src/stm32l4xx_hal_msp.o
                0x0800080c                HAL_I2C_MspInit
 .text.HAL_UART_MspInit
                0x080008ac       0x68 Core/Src/stm32l4xx_hal_msp.o
                0x080008ac                HAL_UART_MspInit
 .text.NMI_Handler
                0x08000914        0x2 Core/Src/stm32l4xx_it.o
                0x08000914                NMI_Handler
 .text.HardFault_Handler
                0x08000916        0x2 Core/Src/stm32l4xx_it.o
                0x08000916                HardFault_Handler
 .text.MemManage_Handler
                0x08000918        0x2 Core/Src/stm32l4xx_it.o
                0x08000918                MemManage_Handler
 .text.BusFault_Handler
                0x0800091a        0x2 Core/Src/stm32l4xx_it.o
                0x0800091a                BusFault_Handler
 .text.UsageFault_Handler
                0x0800091c        0x2 Core/Src/stm32l4xx_it.o
                0x0800091c                UsageFault_Handler
 .text.SVC_Handler
                0x0800091e        0x2 Core/Src/stm32l4xx_it.o
                0x0800091e                SVC_Handler
 .text.DebugMon_Handler
                0x08000920        0x2 Core/Src/stm32l4xx_it.o
                0x08000920                DebugMon_Handler
 .text.PendSV_Handler
                0x08000922        0x2 Core/Src/stm32l4xx_it.o
                0x08000922                PendSV_Handler
 .text.SysTick_Handler
                0x08000924        0x8 Core/Src/stm32l4xx_it.o
                0x08000924                SysTick_Handler
 .text.EXTI15_10_IRQHandler
                0x0800092c        0xc Core/Src/stm32l4xx_it.o
                0x0800092c                EXTI15_10_IRQHandler
 .text.SystemInit
                0x08000938       0x48 Core/Src/system_stm32l4xx.o
                0x08000938                SystemInit
 .text.HAL_InitTick
                0x08000980       0x4c Drivers/STM32L4xx_HAL_Driver/Src/stm32l4xx_hal.o
                0x08000980                HAL_InitTick
 .text.HAL_Init
                0x080009cc       0x1e Drivers/STM32L4xx_HAL_Driver/Src/stm32l4xx_hal.o
                0x080009cc                HAL_Init
 *fill*         0x080009ea        0x2 
 .text.HAL_IncTick
                0x080009ec       0x18 Drivers/STM32L4xx_HAL_Driver/Src/stm32l4xx_hal.o
                0x080009ec                HAL_IncTick
 .text.HAL_GetTick
                0x08000a04        0xc Drivers/STM32L4xx_HAL_Driver/Src/stm32l4xx_hal.o
                0x08000a04                HAL_GetTick
 .text.HAL_Delay
                0x08000a10       0x28 Drivers/STM32L4xx_HAL_Driver/Src/stm32l4xx_hal.o
                0x08000a10                HAL_Delay
 .text.HAL_NVIC_SetPriorityGrouping
                0x08000a38       0x24 Drivers/STM32L4xx_HAL_Driver/Src/stm32l4xx_hal_cortex.o
                0x08000a38                HAL_NVIC_SetPriorityGrouping
 .text.HAL_NVIC_SetPriority
                0x08000a5c       0x68 Drivers/STM32L4xx_HAL_Driver/Src/stm32l4xx_hal_cortex.o
                0x08000a5c                HAL_NVIC_SetPriority
 .text.HAL_NVIC_EnableIRQ
                0x08000ac4       0x1c Drivers/STM32L4xx_HAL_Driver/Src/stm32l4xx_hal_cortex.o
                0x08000ac4                HAL_NVIC_EnableIRQ
 .text.HAL_SYSTICK_Config
                0x08000ae0       0x2c Drivers/STM32L4xx_HAL_Driver/Src/stm32l4xx_hal_cortex.o
                0x08000ae0                HAL_SYSTICK_Config
 .text.HAL_GPIO_Init
                0x08000b0c      0x180 Drivers/STM32L4xx_HAL_Driver/Src/stm32l4xx_hal_gpio.o
                0x08000b0c                HAL_GPIO_Init
 .text.HAL_GPIO_WritePin
                0x08000c8c        0xa Drivers/STM32L4xx_HAL_Driver/Src/stm32l4xx_hal_gpio.o
                0x08000c8c                HAL_GPIO_WritePin
 *fill*         0x08000c96        0x2 
 .text.HAL_GPIO_EXTI_IRQHandler
                0x08000c98       0x1c Drivers/STM32L4xx_HAL_Driver/Src/stm32l4xx_hal_gpio.o
                0x08000c98                HAL_GPIO_EXTI_IRQHandler
 .text.I2C_Flush_TXDR
                0x08000cb4       0x22 Drivers/STM32L4xx_HAL_Driver/Src/stm32l4xx_hal_i2c.o
 .text.I2C_TransferConfig
                0x08000cd6       0x36 Drivers/STM32L4xx_HAL_Driver/Src/stm32l4xx_hal_i2c.o
 .text.I2C_IsAcknowledgeFailed
                0x08000d0c       0x90 Drivers/STM32L4xx_HAL_Driver/Src/stm32l4xx_hal_i2c.o
 .text.I2C_WaitOnTXISFlagUntilTimeout
                0x08000d9c       0x56 Drivers/STM32L4xx_HAL_Driver/Src/stm32l4xx_hal_i2c.o
 .text.I2C_WaitOnFlagUntilTimeout
                0x08000df2       0x52 Drivers/STM32L4xx_HAL_Driver/Src/stm32l4xx_hal_i2c.o
 .text.I2C_WaitOnSTOPFlagUntilTimeout
                0x08000e44       0x50 Drivers/STM32L4xx_HAL_Driver/Src/stm32l4xx_hal_i2c.o
 .text.I2C_WaitOnRXNEFlagUntilTimeout
                0x08000e94       0x98 Drivers/STM32L4xx_HAL_Driver/Src/stm32l4xx_hal_i2c.o
 .text.HAL_I2C_Init
                0x08000f2c       0xbc Drivers/STM32L4xx_HAL_Driver/Src/stm32l4xx_hal_i2c.o
                0x08000f2c                HAL_I2C_Init
 .text.HAL_I2C_Master_Transmit
                0x08000fe8      0x17c Drivers/STM32L4xx_HAL_Driver/Src/stm32l4xx_hal_i2c.o
                0x08000fe8                HAL_I2C_Master_Transmit
 .text.HAL_I2C_Master_Receive
                0x08001164      0x17c Drivers/STM32L4xx_HAL_Driver/Src/stm32l4xx_hal_i2c.o
                0x08001164                HAL_I2C_Master_Receive
 .text.HAL_I2CEx_ConfigAnalogFilter
                0x080012e0       0x5c Drivers/STM32L4xx_HAL_Driver/Src/stm32l4xx_hal_i2c_ex.o
                0x080012e0                HAL_I2CEx_ConfigAnalogFilter
 .text.HAL_I2CEx_ConfigDigitalFilter
                0x0800133c       0x58 Drivers/STM32L4xx_HAL_Driver/Src/stm32l4xx_hal_i2c_ex.o
                0x0800133c                HAL_I2CEx_ConfigDigitalFilter
 .text.HAL_PWREx_GetVoltageRange
                0x08001394       0x10 Drivers/STM32L4xx_HAL_Driver/Src/stm32l4xx_hal_pwr_ex.o
                0x08001394                HAL_PWREx_GetVoltageRange
 .text.HAL_PWREx_ControlVoltageScaling
                0x080013a4       0x90 Drivers/STM32L4xx_HAL_Driver/Src/stm32l4xx_hal_pwr_ex.o
                0x080013a4                HAL_PWREx_ControlVoltageScaling
 .text.RCC_SetFlashLatencyFromMSIRange
                0x08001434       0x90 Drivers/STM32L4xx_HAL_Driver/Src/stm32l4xx_hal_rcc.o
 .text.HAL_RCC_GetSysClockFreq
                0x080014c4       0xb4 Drivers/STM32L4xx_HAL_Driver/Src/stm32l4xx_hal_rcc.o
                0x080014c4                HAL_RCC_GetSysClockFreq
 .text.HAL_RCC_OscConfig
                0x08001578      0x68c Drivers/STM32L4xx_HAL_Driver/Src/stm32l4xx_hal_rcc.o
                0x08001578                HAL_RCC_OscConfig
 .text.HAL_RCC_ClockConfig
                0x08001c04      0x158 Drivers/STM32L4xx_HAL_Driver/Src/stm32l4xx_hal_rcc.o
                0x08001c04                HAL_RCC_ClockConfig
 .text.HAL_RCC_GetHCLKFreq
                0x08001d5c        0xc Drivers/STM32L4xx_HAL_Driver/Src/stm32l4xx_hal_rcc.o
                0x08001d5c                HAL_RCC_GetHCLKFreq
 .text.HAL_RCC_GetPCLK1Freq
                0x08001d68       0x24 Drivers/STM32L4xx_HAL_Driver/Src/stm32l4xx_hal_rcc.o
                0x08001d68                HAL_RCC_GetPCLK1Freq
 .text.HAL_RCC_GetPCLK2Freq
                0x08001d8c       0x24 Drivers/STM32L4xx_HAL_Driver/Src/stm32l4xx_hal_rcc.o
                0x08001d8c                HAL_RCC_GetPCLK2Freq
 .text.RCCEx_PLLSAI1_Config
                0x08001db0      0x16c Drivers/STM32L4xx_HAL_Driver/Src/stm32l4xx_hal_rcc_ex.o
 .text.HAL_RCCEx_PeriphCLKConfig
                0x08001f1c      0x2e8 Drivers/STM32L4xx_HAL_Driver/Src/stm32l4xx_hal_rcc_ex.o
                0x08001f1c                HAL_RCCEx_PeriphCLKConfig
 .text.UART_SetConfig
                0x08002204      0x264 Drivers/STM32L4xx_HAL_Driver/Src/stm32l4xx_hal_uart.o
                0x08002204                UART_SetConfig
 .text.UART_AdvFeatureConfig
                0x08002468       0xca Drivers/STM32L4xx_HAL_Driver/Src/stm32l4xx_hal_uart.o
                0x08002468                UART_AdvFeatureConfig
 .text.UART_WaitOnFlagUntilTimeout
                0x08002532       0x9c Drivers/STM32L4xx_HAL_Driver/Src/stm32l4xx_hal_uart.o
                0x08002532                UART_WaitOnFlagUntilTimeout
 .text.HAL_UART_Transmit
                0x080025ce       0xd8 Drivers/STM32L4xx_HAL_Driver/Src/stm32l4xx_hal_uart.o
                0x080025ce                HAL_UART_Transmit
 .text.UART_CheckIdleState
                0x080026a6       0x6c Drivers/STM32L4xx_HAL_Driver/Src/stm32l4xx_hal_uart.o
                0x080026a6                UART_CheckIdleState
 .text.HAL_UART_Init
                0x08002712       0x62 Drivers/STM32L4xx_HAL_Driver/Src/stm32l4xx_hal_uart.o
                0x08002712                HAL_UART_Init
 .text.Reset_Handler
                0x08002774       0x50 startup/startup_stm32l432xx.o
                0x08002774                Reset_Handler
 .text.Default_Handler
                0x080027c4        0x2 startup/startup_stm32l432xx.o
                0x080027c4                RTC_Alarm_IRQHandler
                0x080027c4                EXTI2_IRQHandler
                0x080027c4                TIM1_CC_IRQHandler
                0x080027c4                TSC_IRQHandler
                0x080027c4                TAMP_STAMP_IRQHandler
                0x080027c4                EXTI3_IRQHandler
                0x080027c4                LPTIM2_IRQHandler
                0x080027c4                I2C3_ER_IRQHandler
                0x080027c4                EXTI0_IRQHandler
                0x080027c4                CAN1_RX0_IRQHandler
                0x080027c4                FPU_IRQHandler
                0x080027c4                TIM1_UP_TIM16_IRQHandler
                0x080027c4                SPI1_IRQHandler
                0x080027c4                TIM6_DAC_IRQHandler
                0x080027c4                DMA2_Channel2_IRQHandler
                0x080027c4                DMA1_Channel4_IRQHandler
                0x080027c4                ADC1_IRQHandler
                0x080027c4                DMA1_Channel7_IRQHandler
                0x080027c4                CAN1_RX1_IRQHandler
                0x080027c4                DMA2_Channel1_IRQHandler
                0x080027c4                QUADSPI_IRQHandler
                0x080027c4                I2C1_EV_IRQHandler
                0x080027c4                DMA1_Channel6_IRQHandler
                0x080027c4                DMA2_Channel4_IRQHandler
                0x080027c4                RCC_IRQHandler
                0x080027c4                TIM1_TRG_COM_IRQHandler
                0x080027c4                DMA1_Channel1_IRQHandler
                0x080027c4                Default_Handler
                0x080027c4                DMA2_Channel7_IRQHandler
                0x080027c4                TIM7_IRQHandler
                0x080027c4                I2C3_EV_IRQHandler
                0x080027c4                USB_IRQHandler
                0x080027c4                EXTI9_5_IRQHandler
                0x080027c4                RTC_WKUP_IRQHandler
                0x080027c4                PVD_PVM_IRQHandler
                0x080027c4                CAN1_TX_IRQHandler
                0x080027c4                DMA2_Channel5_IRQHandler
                0x080027c4                CRS_IRQHandler
                0x080027c4                DMA1_Channel5_IRQHandler
                0x080027c4                EXTI4_IRQHandler
                0x080027c4                RNG_IRQHandler
                0x080027c4                DMA1_Channel3_IRQHandler
                0x080027c4                COMP_IRQHandler
                0x080027c4                WWDG_IRQHandler
                0x080027c4                LPUART1_IRQHandler
                0x080027c4                DMA2_Channel6_IRQHandler
                0x080027c4                TIM2_IRQHandler
                0x080027c4                EXTI1_IRQHandler
                0x080027c4                USART2_IRQHandler
                0x080027c4                DMA1_Channel2_IRQHandler
                0x080027c4                CAN1_SCE_IRQHandler
                0x080027c4                FLASH_IRQHandler
                0x080027c4                USART1_IRQHandler
                0x080027c4                SPI3_IRQHandler
                0x080027c4                I2C1_ER_IRQHandler
                0x080027c4                SWPMI1_IRQHandler
                0x080027c4                LPTIM1_IRQHandler
                0x080027c4                SAI1_IRQHandler
                0x080027c4                DMA2_Channel3_IRQHandler
                0x080027c4                TIM1_BRK_TIM15_IRQHandler
 *fill*         0x080027c6        0x2 
 .text.__libc_init_array
                0x080027c8       0x48 c:/ac6/systemworkbench/plugins/fr.ac6.mcu.externaltools.arm-none.win32_1.17.0.201812190825/tools/compiler/bin/../lib/gcc/arm-none-eabi/7.3.1/../../../../arm-none-eabi/lib/thumb/v7e-m/fpv4-sp/hard\libc_nano.a(lib_a-init.o)
                0x080027c8                __libc_init_array
 .text.memcpy   0x08002810       0x16 c:/ac6/systemworkbench/plugins/fr.ac6.mcu.externaltools.arm-none.win32_1.17.0.201812190825/tools/compiler/bin/../lib/gcc/arm-none-eabi/7.3.1/../../../../arm-none-eabi/lib/thumb/v7e-m/fpv4-sp/hard\libc_nano.a(lib_a-memcpy-stub.o)
                0x08002810                memcpy
 .text.memset   0x08002826       0x10 c:/ac6/systemworkbench/plugins/fr.ac6.mcu.externaltools.arm-none.win32_1.17.0.201812190825/tools/compiler/bin/../lib/gcc/arm-none-eabi/7.3.1/../../../../arm-none-eabi/lib/thumb/v7e-m/fpv4-sp/hard\libc_nano.a(lib_a-memset.o)
                0x08002826                memset
 *(.glue_7)
 .glue_7        0x08002836        0x0 linker stubs
 *(.glue_7t)
 .glue_7t       0x08002836        0x0 linker stubs
 *(.eh_frame)
 *fill*         0x08002836        0x2 
 .eh_frame      0x08002838        0x0 c:/ac6/systemworkbench/plugins/fr.ac6.mcu.externaltools.arm-none.win32_1.17.0.201812190825/tools/compiler/bin/../lib/gcc/arm-none-eabi/7.3.1/thumb/v7e-m/fpv4-sp/hard/crtbegin.o
 *(.init)
 .init          0x08002838        0x4 c:/ac6/systemworkbench/plugins/fr.ac6.mcu.externaltools.arm-none.win32_1.17.0.201812190825/tools/compiler/bin/../lib/gcc/arm-none-eabi/7.3.1/thumb/v7e-m/fpv4-sp/hard/crti.o
                0x08002838                _init
 .init          0x0800283c        0x8 c:/ac6/systemworkbench/plugins/fr.ac6.mcu.externaltools.arm-none.win32_1.17.0.201812190825/tools/compiler/bin/../lib/gcc/arm-none-eabi/7.3.1/thumb/v7e-m/fpv4-sp/hard/crtn.o
 *(.fini)
 .fini          0x08002844        0x4 c:/ac6/systemworkbench/plugins/fr.ac6.mcu.externaltools.arm-none.win32_1.17.0.201812190825/tools/compiler/bin/../lib/gcc/arm-none-eabi/7.3.1/thumb/v7e-m/fpv4-sp/hard/crti.o
                0x08002844                _fini
 .fini          0x08002848        0x8 c:/ac6/systemworkbench/plugins/fr.ac6.mcu.externaltools.arm-none.win32_1.17.0.201812190825/tools/compiler/bin/../lib/gcc/arm-none-eabi/7.3.1/thumb/v7e-m/fpv4-sp/hard/crtn.o
                0x08002850                . = ALIGN (0x8)
                0x08002850                _etext = .

.vfp11_veneer   0x08002850        0x0
 .vfp11_veneer  0x08002850        0x0 linker stubs

.v4_bx          0x08002850        0x0
 .v4_bx         0x08002850        0x0 linker stubs

.iplt           0x08002850        0x0
 .iplt          0x08002850        0x0 c:/ac6/systemworkbench/plugins/fr.ac6.mcu.externaltools.arm-none.win32_1.17.0.201812190825/tools/compiler/bin/../lib/gcc/arm-none-eabi/7.3.1/thumb/v7e-m/fpv4-sp/hard/crtbegin.o

.rodata         0x08002850       0x48
                0x08002850                . = ALIGN (0x8)
 *(.rodata)
 .rodata        0x08002850       0x48 Core/Src/system_stm32l4xx.o
                0x08002850                MSIRangeTable
                0x08002880                AHBPrescTable
                0x08002890                APBPrescTable
 *(.rodata*)
                0x08002898                . = ALIGN (0x8)

.ARM.extab      0x08002898        0x0
                0x08002898                . = ALIGN (0x8)
 *(.ARM.extab* .gnu.linkonce.armextab.*)
                0x08002898                . = ALIGN (0x8)

.ARM            0x08002898        0x8
                0x08002898                . = ALIGN (0x8)
                0x08002898                __exidx_start = .
 *(.ARM.exidx*)
 .ARM.exidx     0x08002898        0x8 c:/ac6/systemworkbench/plugins/fr.ac6.mcu.externaltools.arm-none.win32_1.17.0.201812190825/tools/compiler/bin/../lib/gcc/arm-none-eabi/7.3.1/thumb/v7e-m/fpv4-sp/hard\libgcc.a(_udivmoddi4.o)
                0x080028a0                __exidx_end = .
                0x080028a0                . = ALIGN (0x8)

.rel.dyn        0x080028a0        0x0
 .rel.iplt      0x080028a0        0x0 c:/ac6/systemworkbench/plugins/fr.ac6.mcu.externaltools.arm-none.win32_1.17.0.201812190825/tools/compiler/bin/../lib/gcc/arm-none-eabi/7.3.1/thumb/v7e-m/fpv4-sp/hard/crtbegin.o

.preinit_array  0x080028a0        0x0
                0x080028a0                . = ALIGN (0x8)
                0x080028a0                PROVIDE (__preinit_array_start = .)
 *(.preinit_array*)
                0x080028a0                PROVIDE (__preinit_array_end = .)
                0x080028a0                . = ALIGN (0x8)

.init_array     0x080028a0        0x8
                0x080028a0                . = ALIGN (0x8)
                0x080028a0                PROVIDE (__init_array_start = .)
 *(SORT_BY_NAME(.init_array.*))
 *(.init_array*)
 .init_array    0x080028a0        0x4 c:/ac6/systemworkbench/plugins/fr.ac6.mcu.externaltools.arm-none.win32_1.17.0.201812190825/tools/compiler/bin/../lib/gcc/arm-none-eabi/7.3.1/thumb/v7e-m/fpv4-sp/hard/crtbegin.o
                0x080028a4                PROVIDE (__init_array_end = .)
                0x080028a8                . = ALIGN (0x8)
 *fill*         0x080028a4        0x4 

.fini_array     0x080028a8        0x8
                0x080028a8                . = ALIGN (0x8)
                [!provide]                PROVIDE (__fini_array_start = .)
 *(SORT_BY_NAME(.fini_array.*))
 *(.fini_array*)
 .fini_array    0x080028a8        0x4 c:/ac6/systemworkbench/plugins/fr.ac6.mcu.externaltools.arm-none.win32_1.17.0.201812190825/tools/compiler/bin/../lib/gcc/arm-none-eabi/7.3.1/thumb/v7e-m/fpv4-sp/hard/crtbegin.o
                [!provide]                PROVIDE (__fini_array_end = .)
                0x080028b0                . = ALIGN (0x8)
 *fill*         0x080028ac        0x4 
                0x080028b0                _sidata = LOADADDR (.data)

.data           0x20000000       0x10 load address 0x080028b0
                0x20000000                . = ALIGN (0x8)
                0x20000000                _sdata = .
 *(.data)
 .data          0x20000000        0x4 Core/Src/system_stm32l4xx.o
                0x20000000                SystemCoreClock
 .data          0x20000004        0x8 Drivers/STM32L4xx_HAL_Driver/Src/stm32l4xx_hal.o
                0x20000004                uwTickFreq
                0x20000008                uwTickPrio
 *(.data*)
                0x20000010                . = ALIGN (0x8)
 *fill*         0x2000000c        0x4 
                0x20000010                _edata = .

.igot.plt       0x20000010        0x0 load address 0x080028c0
 .igot.plt      0x20000010        0x0 c:/ac6/systemworkbench/plugins/fr.ac6.mcu.externaltools.arm-none.win32_1.17.0.201812190825/tools/compiler/bin/../lib/gcc/arm-none-eabi/7.3.1/thumb/v7e-m/fpv4-sp/hard/crtbegin.o
                0x20000010                . = ALIGN (0x4)

.bss            0x20000010       0xfc load address 0x080028c0
                0x20000010                _sbss = .
                0x20000010                __bss_start__ = _sbss
 *(.bss)
 .bss           0x20000010       0x1c c:/ac6/systemworkbench/plugins/fr.ac6.mcu.externaltools.arm-none.win32_1.17.0.201812190825/tools/compiler/bin/../lib/gcc/arm-none-eabi/7.3.1/thumb/v7e-m/fpv4-sp/hard/crtbegin.o
 .bss           0x2000002c        0x1 Core/Src/main.o
                0x2000002c                g_dump
 *(.bss*)
 *(COMMON)
 *fill*         0x2000002d        0x3 
 COMMON         0x20000030        0xc Core/Src/eeprom.o
                0x20000030                memHead
                0x20000034                ret
                0x20000038                g_write_data
 COMMON         0x2000003c       0xcc Core/Src/main.o
                0x2000003c                hi2c3
                0x20000088                huart1
 COMMON         0x20000108        0x4 Drivers/STM32L4xx_HAL_Driver/Src/stm32l4xx_hal.o
                0x20000108                uwTick
                0x2000010c                . = ALIGN (0x4)
                0x2000010c                _ebss = .
                0x2000010c                __bss_end__ = _ebss

._user_heap_stack
                0x2000010c      0x604 load address 0x080028c0
                0x20000110                . = ALIGN (0x8)
 *fill*         0x2000010c        0x4 
                0x20000110                PROVIDE (end = .)
                [!provide]                PROVIDE (_end = .)
                0x20000310                . = (. + _Min_Heap_Size)
 *fill*         0x20000110      0x200 
                0x20000710                . = (. + _Min_Stack_Size)
 *fill*         0x20000310      0x400 
                0x20000710                . = ALIGN (0x8)

/DISCARD/
 libc.a(*)
 libm.a(*)
 libgcc.a(*)

.ARM.attributes
                0x00000000       0x30
 *(.ARM.attributes)
 .ARM.attributes
                0x00000000       0x22 c:/ac6/systemworkbench/plugins/fr.ac6.mcu.externaltools.arm-none.win32_1.17.0.201812190825/tools/compiler/bin/../lib/gcc/arm-none-eabi/7.3.1/thumb/v7e-m/fpv4-sp/hard/crti.o
 .ARM.attributes
                0x00000022       0x34 c:/ac6/systemworkbench/plugins/fr.ac6.mcu.externaltools.arm-none.win32_1.17.0.201812190825/tools/compiler/bin/../lib/gcc/arm-none-eabi/7.3.1/thumb/v7e-m/fpv4-sp/hard/crtbegin.o
 .ARM.attributes
                0x00000056       0x39 Core/Src/eeprom.o
 .ARM.attributes
                0x0000008f       0x39 Core/Src/main.o
 .ARM.attributes
                0x000000c8       0x39 Core/Src/stm32l4xx_hal_msp.o
 .ARM.attributes
                0x00000101       0x39 Core/Src/stm32l4xx_it.o
 .ARM.attributes
                0x0000013a       0x39 Core/Src/system_stm32l4xx.o
 .ARM.attributes
                0x00000173       0x39 Drivers/STM32L4xx_HAL_Driver/Src/stm32l4xx_hal.o
 .ARM.attributes
                0x000001ac       0x39 Drivers/STM32L4xx_HAL_Driver/Src/stm32l4xx_hal_cortex.o
 .ARM.attributes
                0x000001e5       0x39 Drivers/STM32L4xx_HAL_Driver/Src/stm32l4xx_hal_gpio.o
 .ARM.attributes
                0x0000021e       0x39 Drivers/STM32L4xx_HAL_Driver/Src/stm32l4xx_hal_i2c.o
 .ARM.attributes
                0x00000257       0x39 Drivers/STM32L4xx_HAL_Driver/Src/stm32l4xx_hal_i2c_ex.o
 .ARM.attributes
                0x00000290       0x39 Drivers/STM32L4xx_HAL_Driver/Src/stm32l4xx_hal_pwr_ex.o
 .ARM.attributes
                0x000002c9       0x39 Drivers/STM32L4xx_HAL_Driver/Src/stm32l4xx_hal_rcc.o
 .ARM.attributes
                0x00000302       0x39 Drivers/STM32L4xx_HAL_Driver/Src/stm32l4xx_hal_rcc_ex.o
 .ARM.attributes
                0x0000033b       0x39 Drivers/STM32L4xx_HAL_Driver/Src/stm32l4xx_hal_uart.o
 .ARM.attributes
                0x00000374       0x21 startup/startup_stm32l432xx.o
 .ARM.attributes
                0x00000395       0x22 c:/ac6/systemworkbench/plugins/fr.ac6.mcu.externaltools.arm-none.win32_1.17.0.201812190825/tools/compiler/bin/../lib/gcc/arm-none-eabi/7.3.1/thumb/v7e-m/fpv4-sp/hard\libgcc.a(_aeabi_uldivmod.o)
 .ARM.attributes
                0x000003b7       0x34 c:/ac6/systemworkbench/plugins/fr.ac6.mcu.externaltools.arm-none.win32_1.17.0.201812190825/tools/compiler/bin/../lib/gcc/arm-none-eabi/7.3.1/thumb/v7e-m/fpv4-sp/hard\libgcc.a(_udivmoddi4.o)
 .ARM.attributes
                0x000003eb       0x22 c:/ac6/systemworkbench/plugins/fr.ac6.mcu.externaltools.arm-none.win32_1.17.0.201812190825/tools/compiler/bin/../lib/gcc/arm-none-eabi/7.3.1/thumb/v7e-m/fpv4-sp/hard\libgcc.a(_dvmd_tls.o)
 .ARM.attributes
                0x0000040d       0x34 c:/ac6/systemworkbench/plugins/fr.ac6.mcu.externaltools.arm-none.win32_1.17.0.201812190825/tools/compiler/bin/../lib/gcc/arm-none-eabi/7.3.1/../../../../arm-none-eabi/lib/thumb/v7e-m/fpv4-sp/hard\libc_nano.a(lib_a-init.o)
 .ARM.attributes
                0x00000441       0x34 c:/ac6/systemworkbench/plugins/fr.ac6.mcu.externaltools.arm-none.win32_1.17.0.201812190825/tools/compiler/bin/../lib/gcc/arm-none-eabi/7.3.1/../../../../arm-none-eabi/lib/thumb/v7e-m/fpv4-sp/hard\libc_nano.a(lib_a-memcpy-stub.o)
 .ARM.attributes
                0x00000475       0x34 c:/ac6/systemworkbench/plugins/fr.ac6.mcu.externaltools.arm-none.win32_1.17.0.201812190825/tools/compiler/bin/../lib/gcc/arm-none-eabi/7.3.1/../../../../arm-none-eabi/lib/thumb/v7e-m/fpv4-sp/hard\libc_nano.a(lib_a-memset.o)
 .ARM.attributes
                0x000004a9       0x22 c:/ac6/systemworkbench/plugins/fr.ac6.mcu.externaltools.arm-none.win32_1.17.0.201812190825/tools/compiler/bin/../lib/gcc/arm-none-eabi/7.3.1/thumb/v7e-m/fpv4-sp/hard/crtn.o
OUTPUT(EEPROM_TESTING.elf elf32-littlearm)

.debug_info     0x00000000    0x10c30
 .debug_info    0x00000000     0x1a1a Core/Src/eeprom.o
 .debug_info    0x00001a1a     0x1f81 Core/Src/main.o
 .debug_info    0x0000399b      0xfe3 Core/Src/stm32l4xx_hal_msp.o
 .debug_info    0x0000497e      0x3ac Core/Src/stm32l4xx_it.o
 .debug_info    0x00004d2a      0x73a Core/Src/system_stm32l4xx.o
 .debug_info    0x00005464      0xb7e Drivers/STM32L4xx_HAL_Driver/Src/stm32l4xx_hal.o
 .debug_info    0x00005fe2     0x1053 Drivers/STM32L4xx_HAL_Driver/Src/stm32l4xx_hal_cortex.o
 .debug_info    0x00007035      0x9ca Drivers/STM32L4xx_HAL_Driver/Src/stm32l4xx_hal_gpio.o
 .debug_info    0x000079ff     0x3b4f Drivers/STM32L4xx_HAL_Driver/Src/stm32l4xx_hal_i2c.o
 .debug_info    0x0000b54e      0xb88 Drivers/STM32L4xx_HAL_Driver/Src/stm32l4xx_hal_i2c_ex.o
 .debug_info    0x0000c0d6      0xb4a Drivers/STM32L4xx_HAL_Driver/Src/stm32l4xx_hal_pwr_ex.o
 .debug_info    0x0000cc20      0xf40 Drivers/STM32L4xx_HAL_Driver/Src/stm32l4xx_hal_rcc.o
 .debug_info    0x0000db60     0x127d Drivers/STM32L4xx_HAL_Driver/Src/stm32l4xx_hal_rcc_ex.o
 .debug_info    0x0000eddd     0x1e31 Drivers/STM32L4xx_HAL_Driver/Src/stm32l4xx_hal_uart.o
 .debug_info    0x00010c0e       0x22 startup/startup_stm32l432xx.o

.debug_abbrev   0x00000000     0x1e39
 .debug_abbrev  0x00000000      0x30a Core/Src/eeprom.o
 .debug_abbrev  0x0000030a      0x330 Core/Src/main.o
 .debug_abbrev  0x0000063a      0x1b4 Core/Src/stm32l4xx_hal_msp.o
 .debug_abbrev  0x000007ee      0x117 Core/Src/stm32l4xx_it.o
 .debug_abbrev  0x00000905      0x150 Core/Src/system_stm32l4xx.o
 .debug_abbrev  0x00000a55      0x209 Drivers/STM32L4xx_HAL_Driver/Src/stm32l4xx_hal.o
 .debug_abbrev  0x00000c5e      0x328 Drivers/STM32L4xx_HAL_Driver/Src/stm32l4xx_hal_cortex.o
 .debug_abbrev  0x00000f86      0x1de Drivers/STM32L4xx_HAL_Driver/Src/stm32l4xx_hal_gpio.o
 .debug_abbrev  0x00001164      0x25d Drivers/STM32L4xx_HAL_Driver/Src/stm32l4xx_hal_i2c.o
 .debug_abbrev  0x000013c1      0x1b9 Drivers/STM32L4xx_HAL_Driver/Src/stm32l4xx_hal_i2c_ex.o
 .debug_abbrev  0x0000157a      0x1f5 Drivers/STM32L4xx_HAL_Driver/Src/stm32l4xx_hal_pwr_ex.o
 .debug_abbrev  0x0000176f      0x21f Drivers/STM32L4xx_HAL_Driver/Src/stm32l4xx_hal_rcc.o
 .debug_abbrev  0x0000198e      0x24c Drivers/STM32L4xx_HAL_Driver/Src/stm32l4xx_hal_rcc_ex.o
 .debug_abbrev  0x00001bda      0x24d Drivers/STM32L4xx_HAL_Driver/Src/stm32l4xx_hal_uart.o
 .debug_abbrev  0x00001e27       0x12 startup/startup_stm32l432xx.o

.debug_loc      0x00000000     0x925a
 .debug_loc     0x00000000      0x41d Core/Src/eeprom.o
 .debug_loc     0x0000041d       0x21 Core/Src/main.o
 .debug_loc     0x0000043e       0xe8 Core/Src/stm32l4xx_hal_msp.o
 .debug_loc     0x00000526      0x1b8 Core/Src/system_stm32l4xx.o
 .debug_loc     0x000006de      0x195 Drivers/STM32L4xx_HAL_Driver/Src/stm32l4xx_hal.o
 .debug_loc     0x00000873      0x5ce Drivers/STM32L4xx_HAL_Driver/Src/stm32l4xx_hal_cortex.o
 .debug_loc     0x00000e41      0x334 Drivers/STM32L4xx_HAL_Driver/Src/stm32l4xx_hal_gpio.o
 .debug_loc     0x00001175     0x4565 Drivers/STM32L4xx_HAL_Driver/Src/stm32l4xx_hal_i2c.o
 .debug_loc     0x000056da      0x204 Drivers/STM32L4xx_HAL_Driver/Src/stm32l4xx_hal_i2c_ex.o
 .debug_loc     0x000058de      0x648 Drivers/STM32L4xx_HAL_Driver/Src/stm32l4xx_hal_pwr_ex.o
 .debug_loc     0x00005f26      0x661 Drivers/STM32L4xx_HAL_Driver/Src/stm32l4xx_hal_rcc.o
 .debug_loc     0x00006587     0x1495 Drivers/STM32L4xx_HAL_Driver/Src/stm32l4xx_hal_rcc_ex.o
 .debug_loc     0x00007a1c     0x183e Drivers/STM32L4xx_HAL_Driver/Src/stm32l4xx_hal_uart.o

.debug_aranges  0x00000000      0xb38
 .debug_aranges
                0x00000000       0x60 Core/Src/eeprom.o
 .debug_aranges
                0x00000060       0x50 Core/Src/main.o
 .debug_aranges
                0x000000b0       0x40 Core/Src/stm32l4xx_hal_msp.o
 .debug_aranges
                0x000000f0       0x68 Core/Src/stm32l4xx_it.o
 .debug_aranges
                0x00000158       0x28 Core/Src/system_stm32l4xx.o
 .debug_aranges
                0x00000180      0x108 Drivers/STM32L4xx_HAL_Driver/Src/stm32l4xx_hal.o
 .debug_aranges
                0x00000288       0xa8 Drivers/STM32L4xx_HAL_Driver/Src/stm32l4xx_hal_cortex.o
 .debug_aranges
                0x00000330       0x58 Drivers/STM32L4xx_HAL_Driver/Src/stm32l4xx_hal_gpio.o
 .debug_aranges
                0x00000388      0x290 Drivers/STM32L4xx_HAL_Driver/Src/stm32l4xx_hal_i2c.o
 .debug_aranges
                0x00000618       0x48 Drivers/STM32L4xx_HAL_Driver/Src/stm32l4xx_hal_i2c_ex.o
 .debug_aranges
                0x00000660      0x128 Drivers/STM32L4xx_HAL_Driver/Src/stm32l4xx_hal_pwr_ex.o
 .debug_aranges
                0x00000788       0x88 Drivers/STM32L4xx_HAL_Driver/Src/stm32l4xx_hal_rcc.o
 .debug_aranges
                0x00000810       0xf0 Drivers/STM32L4xx_HAL_Driver/Src/stm32l4xx_hal_rcc_ex.o
 .debug_aranges
                0x00000900      0x210 Drivers/STM32L4xx_HAL_Driver/Src/stm32l4xx_hal_uart.o
 .debug_aranges
                0x00000b10       0x28 startup/startup_stm32l432xx.o

.debug_ranges   0x00000000      0xae0
 .debug_ranges  0x00000000       0x50 Core/Src/eeprom.o
 .debug_ranges  0x00000050       0x40 Core/Src/main.o
 .debug_ranges  0x00000090       0x30 Core/Src/stm32l4xx_hal_msp.o
 .debug_ranges  0x000000c0       0x58 Core/Src/stm32l4xx_it.o
 .debug_ranges  0x00000118       0x18 Core/Src/system_stm32l4xx.o
 .debug_ranges  0x00000130       0xf8 Drivers/STM32L4xx_HAL_Driver/Src/stm32l4xx_hal.o
 .debug_ranges  0x00000228       0xf8 Drivers/STM32L4xx_HAL_Driver/Src/stm32l4xx_hal_cortex.o
 .debug_ranges  0x00000320       0x48 Drivers/STM32L4xx_HAL_Driver/Src/stm32l4xx_hal_gpio.o
 .debug_ranges  0x00000368      0x280 Drivers/STM32L4xx_HAL_Driver/Src/stm32l4xx_hal_i2c.o
 .debug_ranges  0x000005e8       0x38 Drivers/STM32L4xx_HAL_Driver/Src/stm32l4xx_hal_i2c_ex.o
 .debug_ranges  0x00000620      0x118 Drivers/STM32L4xx_HAL_Driver/Src/stm32l4xx_hal_pwr_ex.o
 .debug_ranges  0x00000738       0x90 Drivers/STM32L4xx_HAL_Driver/Src/stm32l4xx_hal_rcc.o
 .debug_ranges  0x000007c8       0xf8 Drivers/STM32L4xx_HAL_Driver/Src/stm32l4xx_hal_rcc_ex.o
 .debug_ranges  0x000008c0      0x200 Drivers/STM32L4xx_HAL_Driver/Src/stm32l4xx_hal_uart.o
 .debug_ranges  0x00000ac0       0x20 startup/startup_stm32l432xx.o

.debug_macro    0x00000000    0x1fd7d
 .debug_macro   0x00000000      0x2c8 Core/Src/eeprom.o
 .debug_macro   0x000002c8      0xa54 Core/Src/eeprom.o
 .debug_macro   0x00000d1c      0x1a7 Core/Src/eeprom.o
 .debug_macro   0x00000ec3       0x2e Core/Src/eeprom.o
 .debug_macro   0x00000ef1       0x28 Core/Src/eeprom.o
 .debug_macro   0x00000f19       0x22 Core/Src/eeprom.o
 .debug_macro   0x00000f3b       0x8e Core/Src/eeprom.o
 .debug_macro   0x00000fc9       0x51 Core/Src/eeprom.o
 .debug_macro   0x0000101a       0xef Core/Src/eeprom.o
 .debug_macro   0x00001109       0x6a Core/Src/eeprom.o
 .debug_macro   0x00001173      0x1df Core/Src/eeprom.o
 .debug_macro   0x00001352       0x1c Core/Src/eeprom.o
 .debug_macro   0x0000136e       0x22 Core/Src/eeprom.o
 .debug_macro   0x00001390      0x101 Core/Src/eeprom.o
 .debug_macro   0x00001491     0x1011 Core/Src/eeprom.o
 .debug_macro   0x000024a2      0x11f Core/Src/eeprom.o
 .debug_macro   0x000025c1    0x147b4 Core/Src/eeprom.o
 .debug_macro   0x00016d75       0x43 Core/Src/eeprom.o
 .debug_macro   0x00016db8     0x3890 Core/Src/eeprom.o
 .debug_macro   0x0001a648      0x174 Core/Src/eeprom.o
 .debug_macro   0x0001a7bc       0x5c Core/Src/eeprom.o
 .debug_macro   0x0001a818     0x118b Core/Src/eeprom.o
 .debug_macro   0x0001b9a3      0x535 Core/Src/eeprom.o
 .debug_macro   0x0001bed8      0x13d Core/Src/eeprom.o
 .debug_macro   0x0001c015      0x122 Core/Src/eeprom.o
 .debug_macro   0x0001c137      0x26b Core/Src/eeprom.o
 .debug_macro   0x0001c3a2      0x23d Core/Src/eeprom.o
 .debug_macro   0x0001c5df      0x241 Core/Src/eeprom.o
 .debug_macro   0x0001c820      0x375 Core/Src/eeprom.o
 .debug_macro   0x0001cb95       0xd6 Core/Src/eeprom.o
 .debug_macro   0x0001cc6b      0x22c Core/Src/eeprom.o
 .debug_macro   0x0001ce97       0x61 Core/Src/eeprom.o
 .debug_macro   0x0001cef8       0xa5 Core/Src/eeprom.o
 .debug_macro   0x0001cf9d      0x122 Core/Src/eeprom.o
 .debug_macro   0x0001d0bf      0x357 Core/Src/eeprom.o
 .debug_macro   0x0001d416      0x59e Core/Src/eeprom.o
 .debug_macro   0x0001d9b4       0x44 Core/Src/eeprom.o
 .debug_macro   0x0001d9f8      0x221 Core/Src/eeprom.o
 .debug_macro   0x0001dc19       0x2e Core/Src/eeprom.o
 .debug_macro   0x0001dc47       0x18 Core/Src/eeprom.o
 .debug_macro   0x0001dc5f       0x5e Core/Src/eeprom.o
 .debug_macro   0x0001dcbd       0x35 Core/Src/eeprom.o
 .debug_macro   0x0001dcf2       0x34 Core/Src/eeprom.o
 .debug_macro   0x0001dd26       0x16 Core/Src/eeprom.o
 .debug_macro   0x0001dd3c       0x35 Core/Src/eeprom.o
 .debug_macro   0x0001dd71       0x58 Core/Src/eeprom.o
 .debug_macro   0x0001ddc9       0x1f Core/Src/eeprom.o
 .debug_macro   0x0001dde8       0x43 Core/Src/eeprom.o
 .debug_macro   0x0001de2b       0x20 Core/Src/eeprom.o
 .debug_macro   0x0001de4b      0x18e Core/Src/eeprom.o
 .debug_macro   0x0001dfd9      0x32a Core/Src/eeprom.o
 .debug_macro   0x0001e303       0x16 Core/Src/eeprom.o
 .debug_macro   0x0001e319       0x29 Core/Src/eeprom.o
 .debug_macro   0x0001e342       0x16 Core/Src/eeprom.o
 .debug_macro   0x0001e358      0x27e Core/Src/main.o
 .debug_macro   0x0001e5d6       0x34 Core/Src/main.o
 .debug_macro   0x0001e60a      0x1cf Core/Src/stm32l4xx_hal_msp.o
 .debug_macro   0x0001e7d9      0x1d9 Core/Src/stm32l4xx_it.o
 .debug_macro   0x0001e9b2      0x1cb Core/Src/system_stm32l4xx.o
 .debug_macro   0x0001eb7d      0x20d Drivers/STM32L4xx_HAL_Driver/Src/stm32l4xx_hal.o
 .debug_macro   0x0001ed8a      0x1c5 Drivers/STM32L4xx_HAL_Driver/Src/stm32l4xx_hal_cortex.o
 .debug_macro   0x0001ef4f      0x204 Drivers/STM32L4xx_HAL_Driver/Src/stm32l4xx_hal_gpio.o
 .debug_macro   0x0001f153      0x28a Drivers/STM32L4xx_HAL_Driver/Src/stm32l4xx_hal_i2c.o
 .debug_macro   0x0001f3dd      0x1c5 Drivers/STM32L4xx_HAL_Driver/Src/stm32l4xx_hal_i2c_ex.o
 .debug_macro   0x0001f5a2      0x1e9 Drivers/STM32L4xx_HAL_Driver/Src/stm32l4xx_hal_pwr_ex.o
 .debug_macro   0x0001f78b      0x207 Drivers/STM32L4xx_HAL_Driver/Src/stm32l4xx_hal_rcc.o
 .debug_macro   0x0001f992      0x1fb Drivers/STM32L4xx_HAL_Driver/Src/stm32l4xx_hal_rcc_ex.o
 .debug_macro   0x0001fb8d      0x1f0 Drivers/STM32L4xx_HAL_Driver/Src/stm32l4xx_hal_uart.o

.debug_line     0x00000000     0x9bf8
 .debug_line    0x00000000      0x8e6 Core/Src/eeprom.o
 .debug_line    0x000008e6      0x85c Core/Src/main.o
 .debug_line    0x00001142      0x788 Core/Src/stm32l4xx_hal_msp.o
 .debug_line    0x000018ca      0x7b1 Core/Src/stm32l4xx_it.o
 .debug_line    0x0000207b      0x747 Core/Src/system_stm32l4xx.o
 .debug_line    0x000027c2      0x951 Drivers/STM32L4xx_HAL_Driver/Src/stm32l4xx_hal.o
 .debug_line    0x00003113      0x95f Drivers/STM32L4xx_HAL_Driver/Src/stm32l4xx_hal_cortex.o
 .debug_line    0x00003a72      0x859 Drivers/STM32L4xx_HAL_Driver/Src/stm32l4xx_hal_gpio.o
 .debug_line    0x000042cb     0x1bb0 Drivers/STM32L4xx_HAL_Driver/Src/stm32l4xx_hal_i2c.o
 .debug_line    0x00005e7b      0x853 Drivers/STM32L4xx_HAL_Driver/Src/stm32l4xx_hal_i2c_ex.o
 .debug_line    0x000066ce      0xaa1 Drivers/STM32L4xx_HAL_Driver/Src/stm32l4xx_hal_pwr_ex.o
 .debug_line    0x0000716f      0xac4 Drivers/STM32L4xx_HAL_Driver/Src/stm32l4xx_hal_rcc.o
 .debug_line    0x00007c33      0xca0 Drivers/STM32L4xx_HAL_Driver/Src/stm32l4xx_hal_rcc_ex.o
 .debug_line    0x000088d3     0x12a5 Drivers/STM32L4xx_HAL_Driver/Src/stm32l4xx_hal_uart.o
 .debug_line    0x00009b78       0x80 startup/startup_stm32l432xx.o

.debug_str      0x00000000    0xc0b1a
 .debug_str     0x00000000    0xbca20 Core/Src/eeprom.o
                              0xbce2d (size before relaxing)
 .debug_str     0x000bca20     0x117e Core/Src/main.o
                              0xbde4b (size before relaxing)
 .debug_str     0x000bdb9e       0x87 Core/Src/stm32l4xx_hal_msp.o
                              0xba17d (size before relaxing)
 .debug_str     0x000bdc25       0xf7 Core/Src/stm32l4xx_it.o
                              0xb99d5 (size before relaxing)
 .debug_str     0x000bdd1c       0xcd Core/Src/system_stm32l4xx.o
                              0xb9adf (size before relaxing)
 .debug_str     0x000bdde9      0x4e3 Drivers/STM32L4xx_HAL_Driver/Src/stm32l4xx_hal.o
                              0xba402 (size before relaxing)
 .debug_str     0x000be2cc      0x331 Drivers/STM32L4xx_HAL_Driver/Src/stm32l4xx_hal_cortex.o
                              0xba21a (size before relaxing)
 .debug_str     0x000be5fd      0x1cd Drivers/STM32L4xx_HAL_Driver/Src/stm32l4xx_hal_gpio.o
                              0xb9d59 (size before relaxing)
 .debug_str     0x000be7ca      0xd40 Drivers/STM32L4xx_HAL_Driver/Src/stm32l4xx_hal_i2c.o
                              0xbac2c (size before relaxing)
 .debug_str     0x000bf50a       0xb8 Drivers/STM32L4xx_HAL_Driver/Src/stm32l4xx_hal_i2c_ex.o
                              0xb9fe8 (size before relaxing)
 .debug_str     0x000bf5c2      0x44e Drivers/STM32L4xx_HAL_Driver/Src/stm32l4xx_hal_pwr_ex.o
                              0xb9f96 (size before relaxing)
 .debug_str     0x000bfa10      0x364 Drivers/STM32L4xx_HAL_Driver/Src/stm32l4xx_hal_rcc.o
                              0xba09c (size before relaxing)
 .debug_str     0x000bfd74      0x541 Drivers/STM32L4xx_HAL_Driver/Src/stm32l4xx_hal_rcc_ex.o
                              0xba362 (size before relaxing)
 .debug_str     0x000c02b5      0x836 Drivers/STM32L4xx_HAL_Driver/Src/stm32l4xx_hal_uart.o
                              0xba73f (size before relaxing)
 .debug_str     0x000c0aeb       0x2f startup/startup_stm32l432xx.o
                                 0x6d (size before relaxing)

.comment        0x00000000       0x7f
 .comment       0x00000000       0x7f Core/Src/eeprom.o
                                 0x80 (size before relaxing)
 .comment       0x0000007f       0x80 Core/Src/main.o
 .comment       0x0000007f       0x80 Core/Src/stm32l4xx_hal_msp.o
 .comment       0x0000007f       0x80 Core/Src/stm32l4xx_it.o
 .comment       0x0000007f       0x80 Core/Src/system_stm32l4xx.o
 .comment       0x0000007f       0x80 Drivers/STM32L4xx_HAL_Driver/Src/stm32l4xx_hal.o
 .comment       0x0000007f       0x80 Drivers/STM32L4xx_HAL_Driver/Src/stm32l4xx_hal_cortex.o
 .comment       0x0000007f       0x80 Drivers/STM32L4xx_HAL_Driver/Src/stm32l4xx_hal_gpio.o
 .comment       0x0000007f       0x80 Drivers/STM32L4xx_HAL_Driver/Src/stm32l4xx_hal_i2c.o
 .comment       0x0000007f       0x80 Drivers/STM32L4xx_HAL_Driver/Src/stm32l4xx_hal_i2c_ex.o
 .comment       0x0000007f       0x80 Drivers/STM32L4xx_HAL_Driver/Src/stm32l4xx_hal_pwr_ex.o
 .comment       0x0000007f       0x80 Drivers/STM32L4xx_HAL_Driver/Src/stm32l4xx_hal_rcc.o
 .comment       0x0000007f       0x80 Drivers/STM32L4xx_HAL_Driver/Src/stm32l4xx_hal_rcc_ex.o
 .comment       0x0000007f       0x80 Drivers/STM32L4xx_HAL_Driver/Src/stm32l4xx_hal_uart.o

.debug_frame    0x00000000     0x1e20
 .debug_frame   0x00000000      0x13c Core/Src/eeprom.o
 .debug_frame   0x0000013c       0xc8 Core/Src/main.o
 .debug_frame   0x00000204       0xa0 Core/Src/stm32l4xx_hal_msp.o
 .debug_frame   0x000002a4       0xc0 Core/Src/stm32l4xx_it.o
 .debug_frame   0x00000364       0x30 Core/Src/system_stm32l4xx.o
 .debug_frame   0x00000394      0x21c Drivers/STM32L4xx_HAL_Driver/Src/stm32l4xx_hal.o
 .debug_frame   0x000005b0      0x15c Drivers/STM32L4xx_HAL_Driver/Src/stm32l4xx_hal_cortex.o
 .debug_frame   0x0000070c       0xd0 Drivers/STM32L4xx_HAL_Driver/Src/stm32l4xx_hal_gpio.o
 .debug_frame   0x000007dc      0x928 Drivers/STM32L4xx_HAL_Driver/Src/stm32l4xx_hal_i2c.o
 .debug_frame   0x00001104       0x80 Drivers/STM32L4xx_HAL_Driver/Src/stm32l4xx_hal_i2c_ex.o
 .debug_frame   0x00001184      0x248 Drivers/STM32L4xx_HAL_Driver/Src/stm32l4xx_hal_pwr_ex.o
 .debug_frame   0x000013cc      0x18c Drivers/STM32L4xx_HAL_Driver/Src/stm32l4xx_hal_rcc.o
 .debug_frame   0x00001558      0x248 Drivers/STM32L4xx_HAL_Driver/Src/stm32l4xx_hal_rcc_ex.o
 .debug_frame   0x000017a0      0x5ac Drivers/STM32L4xx_HAL_Driver/Src/stm32l4xx_hal_uart.o
 .debug_frame   0x00001d4c       0x2c c:/ac6/systemworkbench/plugins/fr.ac6.mcu.externaltools.arm-none.win32_1.17.0.201812190825/tools/compiler/bin/../lib/gcc/arm-none-eabi/7.3.1/thumb/v7e-m/fpv4-sp/hard\libgcc.a(_aeabi_uldivmod.o)
 .debug_frame   0x00001d78       0x34 c:/ac6/systemworkbench/plugins/fr.ac6.mcu.externaltools.arm-none.win32_1.17.0.201812190825/tools/compiler/bin/../lib/gcc/arm-none-eabi/7.3.1/thumb/v7e-m/fpv4-sp/hard\libgcc.a(_udivmoddi4.o)
 .debug_frame   0x00001dac       0x2c c:/ac6/systemworkbench/plugins/fr.ac6.mcu.externaltools.arm-none.win32_1.17.0.201812190825/tools/compiler/bin/../lib/gcc/arm-none-eabi/7.3.1/../../../../arm-none-eabi/lib/thumb/v7e-m/fpv4-sp/hard\libc_nano.a(lib_a-init.o)
 .debug_frame   0x00001dd8       0x28 c:/ac6/systemworkbench/plugins/fr.ac6.mcu.externaltools.arm-none.win32_1.17.0.201812190825/tools/compiler/bin/../lib/gcc/arm-none-eabi/7.3.1/../../../../arm-none-eabi/lib/thumb/v7e-m/fpv4-sp/hard\libc_nano.a(lib_a-memcpy-stub.o)
 .debug_frame   0x00001e00       0x20 c:/ac6/systemworkbench/plugins/fr.ac6.mcu.externaltools.arm-none.win32_1.17.0.201812190825/tools/compiler/bin/../lib/gcc/arm-none-eabi/7.3.1/../../../../arm-none-eabi/lib/thumb/v7e-m/fpv4-sp/hard\libc_nano.a(lib_a-memset.o)
